cn=Aaccf Amar,ou=unit1,ou=People,dc=example,dc=com
cn=Aaren Atp,ou=unit1,ou=People,dc=example,dc=com
cn=Aarika Atpco,ou=unit1,ou=People,dc=example,dc=com
cn=Aaron Atrc,ou=unit1,ou=People,dc=example,dc=com
cn=Aartjan Aalders,ou=unit1,ou=People,dc=example,dc=com
cn=Abagael Aasen,ou=unit1,ou=People,dc=example,dc=com
cn=Abagail Abadines,ou=unit1,ou=People,dc=example,dc=com
cn=Abahri Abazari,ou=unit1,ou=People,dc=example,dc=com
cn=Abbas Abbatantuono,ou=unit1,ou=People,dc=example,dc=com
cn=Abbe Abbate,ou=unit1,ou=People,dc=example,dc=com
