# CDDL HEADER START
#
# The contents of this file are subject to the terms of the
# Common Development and Distribution License, Version 1.0 only
# (the "License").  You may not use this file except in compliance
# with the License.
#
# You can obtain a copy of the license at
# trunk/opends/resource/legal-notices/OpenDS.LICENSE
# or https://OpenDS.dev.java.net/OpenDS.LICENSE.
# See the License for the specific language governing permissions
# and limitations under the License.
#
# When distributing Covered Code, include this CDDL HEADER in each
# file and include the License file at
# trunk/opends/resource/legal-notices/OpenDS.LICENSE.  If applicable,
# add the following below this CDDL HEADER, with the fields enclosed
# by brackets "[]" replaced with your own identifying information:
#      Portions Copyright [yyyy] [name of copyright owner]
#
# CDDL HEADER END
#
#      Copyright 2009 Sun Microsystems, Inc.
#

dn: dc=non-default,dc=com
objectClass: domain
objectClass: top
dc: non-default
entryUUID: 04534018-120f-3ed0-aeb7-109c33fca4cc

dn: ou=Groups,dc=non-default,dc=com
objectClass: top
objectClass: organizationalunit
ou: Groups
entryUUID: 3ab9e726-8e09-3bb1-8e90-bb01b23621ac

dn: cn=Directory Administrators,ou=Groups,dc=non-default,dc=com
objectClass: groupofuniquenames
objectClass: top
ou: Groups
uniqueMember: uid=kvaughan, ou=People, dc=non-default,dc=com
uniqueMember: uid=rdaugherty, ou=People, dc=non-default,dc=com
uniqueMember: uid=hmiller, ou=People, dc=non-default,dc=com
cn: Directory Administrators
entryUUID: 26b4404c-c5ce-3dbc-a766-27bc03891c71

dn: ou=People,dc=non-default,dc=com
objectClass: top
objectClass: organizationalunit
ou: People
entryUUID: d74b24a2-0853-368f-9d55-6314d8d659a4

dn: ou=Special Users,dc=non-default,dc=com
objectClass: top
objectClass: organizationalUnit
ou: Special Users
description: Special Administrative Accounts
entryUUID: de9b0818-6332-3863-88d4-34acbd841236

dn: uid=scarter,ou=People,dc=non-default,dc=com
objectClass: inetOrgPerson
objectClass: person
objectClass: top
objectClass: organizationalPerson
ou: Accounting
ou: People
sn: Carter
facsimileTelephoneNumber: +1 408 555 9751
roomNumber: 4612
l: Sunnyvale
cn: Sam Carter
telephoneNumber: +1 408 555 4798
uid: scarter
givenName: Sam
mail: scarter@non-default.com
entryUUID: 34ecfff0-cb1c-302b-800c-f8fcabc14d17

dn: uid=tmorris,ou=People,dc=non-default,dc=com
objectClass: inetOrgPerson
objectClass: person
objectClass: top
objectClass: organizationalPerson
ou: Accounting
ou: People
sn: Morris
facsimileTelephoneNumber: +1 408 555 8473
roomNumber: 4117
l: Santa Clara
cn: Ted Morris
telephoneNumber: +1 408 555 9187
uid: tmorris
givenName: Ted
mail: tmorris@non-default.com
entryUUID: 74787c32-38eb-3568-ae77-f233eeb5083d

dn: uid=kvaughan,ou=People,dc=non-default,dc=com
objectClass: inetOrgPerson
objectClass: person
objectClass: top
objectClass: organizationalPerson
ou: Human Resources
ou: People
sn: Vaughan
facsimileTelephoneNumber: +1 408 555 3372
roomNumber: 2871
l: Sunnyvale
cn: Kirsten Vaughan
telephoneNumber: +1 408 555 5625
uid: kvaughan
givenName: Kirsten
mail: kvaughan@non-default.com
entryUUID: c85195f0-6990-3b6b-9a59-14c3527a6e10

dn: uid=abergin,ou=People,dc=non-default,dc=com
objectClass: inetOrgPerson
objectClass: person
objectClass: top
objectClass: organizationalPerson
ou: Product Testing
ou: People
sn: Bergin
facsimileTelephoneNumber: +1 408 555 7472
roomNumber: 3472
l: Cupertino
cn: Andy Bergin
telephoneNumber: +1 408 555 8585
uid: abergin
givenName: Andy
mail: abergin@non-default.com
entryUUID: 9c520743-a3f9-36d9-8f12-da277b7e0ea7

dn: uid=dmiller,ou=People,dc=non-default,dc=com
objectClass: inetOrgPerson
objectClass: person
objectClass: top
objectClass: organizationalPerson
ou: Accounting
ou: People
sn: Miller
facsimileTelephoneNumber: +1 408 555 0111
roomNumber: 4135
l: Sunnyvale
cn: David Miller
telephoneNumber: +1 408 555 9423
uid: dmiller
givenName: David
mail: dmiller@non-default.com
entryUUID: 2fe4b5a0-cc22-3d69-ab3a-cffe89a9fc6f

dn: uid=gfarmer,ou=People,dc=non-default,dc=com
objectClass: inetOrgPerson
objectClass: person
objectClass: top
objectClass: organizationalPerson
ou: Accounting
ou: People
sn: Farmer
facsimileTelephoneNumber: +1 408 555 8473
roomNumber: 1269
l: Cupertino
cn: Gern Farmer
telephoneNumber: +1 408 555 6201
uid: gfarmer
givenName: Gern
mail: gfarmer@non-default.com
entryUUID: 1df31b2f-4f07-3478-b9e9-d45d1bd70157

dn: uid=kwinters,ou=People,dc=non-default,dc=com
objectClass: inetOrgPerson
objectClass: person
objectClass: top
objectClass: organizationalPerson
ou: Product Development
ou: People
sn: Winters
facsimileTelephoneNumber: +1 408 555 1992
roomNumber: 4178
l: Santa Clara
cn: Kelly Winters
telephoneNumber: +1 408 555 9069
uid: kwinters
givenName: Kelly
mail: kwinters@non-default.com
entryUUID: 8e782797-a8a9-30af-8bfc-5a120c4c2ecc

dn: uid=trigden,ou=People,dc=non-default,dc=com
objectClass: inetOrgPerson
objectClass: person
objectClass: top
objectClass: organizationalPerson
ou: Product Development
ou: People
sn: Rigden
facsimileTelephoneNumber: +1 408 555 8473
roomNumber: 3584
l: Santa Clara
cn: Torrey Rigden
telephoneNumber: +1 408 555 9280
uid: trigden
givenName: Torrey
mail: trigden@non-default.com
entryUUID: 4a3381af-cec0-3f6d-9158-ffe1c7e5065c

dn: uid=cschmith,ou=People,dc=non-default,dc=com
objectClass: inetOrgPerson
objectClass: person
objectClass: top
objectClass: organizationalPerson
ou: Human Resources
ou: People
sn: Schmith
facsimileTelephoneNumber: +1 408 555 4774
roomNumber: 0416
l: Santa Clara
cn: Chris Schmith
telephoneNumber: +1 408 555 8011
uid: cschmith
givenName: Chris
mail: cschmith@non-default.com
entryUUID: f33863a4-7c80-3be3-b0a9-0fab1b95c710

dn: uid=jwallace,ou=People,dc=non-default,dc=com
objectClass: inetOrgPerson
objectClass: person
objectClass: top
objectClass: organizationalPerson
ou: Accounting
ou: People
sn: Wallace
facsimileTelephoneNumber: +1 408 555 8473
roomNumber: 1033
l: Sunnyvale
cn: Judy Wallace
telephoneNumber: +1 408 555 0319
uid: jwallace
givenName: Judy
mail: jwallace@non-default.com
entryUUID: 07f666b7-08a4-3512-b623-8d8060f19f2e

dn: uid=jwalker,ou=People,dc=non-default,dc=com
objectClass: inetOrgPerson
objectClass: person
objectClass: top
objectClass: organizationalPerson
ou: Product Testing
ou: People
sn: Walker
facsimileTelephoneNumber: +1 408 555 1992
roomNumber: 3915
l: Cupertino
cn: John Walker
telephoneNumber: +1 408 555 1476
uid: jwalker
givenName: John
mail: jwalker@non-default.com
entryUUID: 701ba4c8-0e96-3c43-a0b8-f254f7221837

dn: uid=tclow,ou=People,dc=non-default,dc=com
objectClass: inetOrgPerson
objectClass: person
objectClass: top
objectClass: organizationalPerson
ou: Human Resources
ou: People
sn: Clow
facsimileTelephoneNumber: +1 408 555 1992
roomNumber: 4376
l: Santa Clara
cn: Torrey Clow
telephoneNumber: +1 408 555 8825
uid: tclow
givenName: Torrey
mail: tclow@non-default.com
entryUUID: fd16c77e-4fdc-3c72-b182-e3e60508dfd2

dn: uid=rdaugherty,ou=People,dc=non-default,dc=com
objectClass: inetOrgPerson
objectClass: person
objectClass: top
objectClass: organizationalPerson
ou: Human Resources
ou: People
sn: Daugherty
facsimileTelephoneNumber: +1 408 555 1992
roomNumber: 0194
l: Sunnyvale
cn: Robert Daugherty
telephoneNumber: +1 408 555 1296
uid: rdaugherty
givenName: Robert
mail: rdaugherty@non-default.com
entryUUID: 11badd59-2c45-3a24-8c42-4499f5ebad14

dn: uid=jreuter,ou=People,dc=non-default,dc=com
objectClass: inetOrgPerson
objectClass: person
objectClass: top
objectClass: organizationalPerson
ou: Product Testing
ou: People
sn: Reuter
facsimileTelephoneNumber: +1 408 555 8721
roomNumber: 2942
l: Cupertino
cn: Jayne Reuter
telephoneNumber: +1 408 555 1122
uid: jreuter
givenName: Jayne
mail: jreuter@non-default.com
entryUUID: b23ccc1e-2d15-35ed-81f4-fc64acdec01c

dn: uid=tmason,ou=People,dc=non-default,dc=com
objectClass: inetOrgPerson
objectClass: person
objectClass: top
objectClass: organizationalPerson
ou: Human Resources
ou: People
sn: Mason
facsimileTelephoneNumber: +1 408 555 9751
roomNumber: 1124
l: Sunnyvale
cn: Torrey Mason
telephoneNumber: +1 408 555 1596
uid: tmason
givenName: Torrey
mail: tmason@non-default.com
entryUUID: f55cc403-162a-3bf0-bfa6-c67c51333b9c

dn: uid=bhall,ou=People,dc=non-default,dc=com
objectClass: inetOrgPerson
objectClass: person
objectClass: top
objectClass: organizationalPerson
ou: Product Development
ou: People
sn: Hall
facsimileTelephoneNumber: +1 408 555 0111
roomNumber: 2511
l: Santa Clara
cn: Benjamin Hall
telephoneNumber: +1 408 555 6067
uid: bhall
givenName: Benjamin
mail: bhall@non-default.com
entryUUID: f30b9ef2-59d0-392d-8c03-512a10fc3996

dn: uid=btalbot,ou=People,dc=non-default,dc=com
objectClass: inetOrgPerson
objectClass: person
objectClass: top
objectClass: organizationalPerson
ou: Human Resources
ou: People
sn: Talbot
facsimileTelephoneNumber: +1 408 555 8473
roomNumber: 3532
l: Cupertino
cn: Brad Talbot
telephoneNumber: +1 408 555 4992
uid: btalbot
givenName: Brad
mail: btalbot@non-default.com
entryUUID: 9920148e-5164-3e2a-bd77-4cb79e4e0fc2

dn: uid=mward,ou=People,dc=non-default,dc=com
objectClass: inetOrgPerson
objectClass: person
objectClass: top
objectClass: organizationalPerson
ou: Accounting
ou: People
sn: Ward
facsimileTelephoneNumber: +1 408 555 0111
roomNumber: 1707
l: Santa Clara
cn: Marcus Ward
telephoneNumber: +1 408 555 5688
uid: mward
givenName: Marcus
mail: mward@non-default.com
entryUUID: 193d546e-ec33-34ff-abbb-f396eaa72c64

dn: uid=bjablons,ou=People,dc=non-default,dc=com
objectClass: inetOrgPerson
objectClass: person
objectClass: top
objectClass: organizationalPerson
ou: Human Resources
ou: People
sn: Jablonski
facsimileTelephoneNumber: +1 408 555 4774
roomNumber: 0906
l: Sunnyvale
cn: Barbara Jablonski
telephoneNumber: +1 408 555 8815
uid: bjablons
givenName: Barbara
mail: bjablons@non-default.com
entryUUID: 26c41ee8-268a-3aea-aa2a-b0ee97d0a197

dn: uid=jmcFarla,ou=People,dc=non-default,dc=com
objectClass: inetOrgPerson
objectClass: person
objectClass: top
objectClass: organizationalPerson
ou: Accounting
ou: People
sn: McFarland
facsimileTelephoneNumber: +1 408 555 4774
roomNumber: 2359
l: Santa Clara
cn: Judy McFarland
telephoneNumber: +1 408 555 2567
uid: jmcFarla
givenName: Judy
mail: jmcFarla@non-default.com
entryUUID: 09b85d3d-2cc7-335a-8f97-c19e96119953

dn: uid=llabonte,ou=People,dc=non-default,dc=com
objectClass: inetOrgPerson
objectClass: person
objectClass: top
objectClass: organizationalPerson
ou: Product Development
ou: People
sn: Labonte
facsimileTelephoneNumber: +1 408 555 8473
roomNumber: 2854
l: Santa Clara
cn: Lee Labonte
telephoneNumber: +1 408 555 0957
uid: llabonte
givenName: Lee
mail: llabonte@non-default.com
entryUUID: 478ea70b-7509-3674-a14e-21f2a6e3b3f0

dn: uid=jcampaig,ou=People,dc=non-default,dc=com
objectClass: inetOrgPerson
objectClass: person
objectClass: top
objectClass: organizationalPerson
ou: Product Development
ou: People
sn: Campaigne
facsimileTelephoneNumber: +1 408 555 9751
roomNumber: 4385
l: Cupertino
cn: Jody Campaigne
telephoneNumber: +1 408 555 1660
uid: jcampaig
givenName: Jody
mail: jcampaig@non-default.com
entryUUID: e876334c-96bd-3e98-a9e4-de1311ba5646

dn: uid=bhal2,ou=People,dc=non-default,dc=com
objectClass: inetOrgPerson
objectClass: person
objectClass: top
objectClass: organizationalPerson
ou: Accounting
ou: People
sn: Hall
facsimileTelephoneNumber: +1 408 555 8473
roomNumber: 2758
l: Sunnyvale
cn: Barbara Hall
telephoneNumber: +1 408 555 4491
uid: bhal2
givenName: Barbara
mail: bhal2@non-default.com
entryUUID: 608fe964-ba1c-3ceb-b9f9-d46d67a3fd2f

dn: uid=alutz,ou=People,dc=non-default,dc=com
objectClass: inetOrgPerson
objectClass: person
objectClass: top
objectClass: organizationalPerson
ou: Product Development
ou: People
sn: Lutz
facsimileTelephoneNumber: +1 408 555 4774
roomNumber: 1327
l: Santa Clara
cn: Alexander Lutz
telephoneNumber: +1 408 555 6505
uid: alutz
givenName: Alexander
mail: alutz@non-default.com
entryUUID: 0f136c68-b057-39d4-a410-d8a511a9d171

dn: uid=btalbo2,ou=People,dc=non-default,dc=com
objectClass: inetOrgPerson
objectClass: person
objectClass: top
objectClass: organizationalPerson
ou: Product Development
ou: People
sn: Talbot
facsimileTelephoneNumber: +1 408 555 9332
roomNumber: 1205
l: Santa Clara
cn: Bjorn Talbot
telephoneNumber: +1 408 555 4234
uid: btalbo2
givenName: Bjorn
mail: btalbo2@non-default.com
entryUUID: 2a00513e-9e5a-3f90-aa04-3463eb2663a1

dn: uid=achassin,ou=People,dc=non-default,dc=com
objectClass: inetOrgPerson
objectClass: person
objectClass: top
objectClass: organizationalPerson
ou: Payroll
ou: People
sn: Chassin
facsimileTelephoneNumber: +1 408 555 3372
roomNumber: 0466
l: Santa Clara
cn: Ashley Chassin
telephoneNumber: +1 408 555 9972
uid: achassin
givenName: Ashley
mail: achassin@non-default.com
entryUUID: e2d78c9e-3af6-33ec-bc31-0ba8f6d38321

dn: uid=hmiller,ou=People,dc=non-default,dc=com
objectClass: inetOrgPerson
objectClass: person
objectClass: top
objectClass: organizationalPerson
ou: Human Resources
ou: People
sn: Miller
facsimileTelephoneNumber: +1 408 555 9332
roomNumber: 4304
l: Santa Clara
cn: Harry Miller
telephoneNumber: +1 408 555 9804
uid: hmiller
givenName: Harry
mail: hmiller@non-default.com
entryUUID: 73fe2607-8fcf-33ce-b2e3-bf722daa3f6e

dn: uid=jcampai2,ou=People,dc=non-default,dc=com
objectClass: inetOrgPerson
objectClass: person
objectClass: top
objectClass: organizationalPerson
ou: Human Resources
ou: People
sn: Campaigne
facsimileTelephoneNumber: +1 408 555 3372
roomNumber: 1377
l: Santa Clara
cn: Jeffrey Campaigne
telephoneNumber: +1 408 555 7393
uid: jcampai2
givenName: Jeffrey
mail: jcampai2@non-default.com
entryUUID: 47083532-1815-3565-9d0f-246739177712

dn: uid=lulrich,ou=People,dc=non-default,dc=com
objectClass: inetOrgPerson
objectClass: person
objectClass: top
objectClass: organizationalPerson
ou: Product Testing
ou: People
sn: Ulrich
facsimileTelephoneNumber: +1 408 555 3825
roomNumber: 0985
l: Sunnyvale
cn: Lee Ulrich
telephoneNumber: +1 408 555 8652
uid: lulrich
givenName: Lee
mail: lulrich@non-default.com
entryUUID: 9483d669-9f4d-38f4-aeac-a922bf22fcb0

dn: uid=mlangdon,ou=People,dc=non-default,dc=com
objectClass: inetOrgPerson
objectClass: person
objectClass: top
objectClass: organizationalPerson
ou: Product Development
ou: People
sn: Langdon
facsimileTelephoneNumber: +1 408 555 9332
roomNumber: 4471
l: Cupertino
cn: Marcus Langdon
telephoneNumber: +1 408 555 6249
uid: mlangdon
givenName: Marcus
mail: mlangdon@non-default.com
entryUUID: 0d3be125-d5c0-3e13-9c1a-aaf4c2d0681b

dn: uid=striplet,ou=People,dc=non-default,dc=com
objectClass: inetOrgPerson
objectClass: person
objectClass: top
objectClass: organizationalPerson
ou: Human Resources
ou: People
sn: Triplett
facsimileTelephoneNumber: +1 408 555 4661
roomNumber: 3083
l: Santa Clara
cn: Stephen Triplett
telephoneNumber: +1 408 555 4519
uid: striplet
givenName: Stephen
mail: striplet@non-default.com
entryUUID: a43b6160-b3a4-34b6-965b-d3733c34a02c

dn: uid=gtriplet,ou=People,dc=non-default,dc=com
objectClass: inetOrgPerson
objectClass: person
objectClass: top
objectClass: organizationalPerson
ou: Accounting
ou: People
sn: Triplett
facsimileTelephoneNumber: +1 408 555 3372
roomNumber: 4023
l: Sunnyvale
cn: Gern Triplett
telephoneNumber: +1 408 555 2582
uid: gtriplet
givenName: Gern
mail: gtriplet@non-default.com
entryUUID: 2d03b5b9-bb05-3871-abff-53f55321f77b

dn: uid=jfalena,ou=People,dc=non-default,dc=com
objectClass: inetOrgPerson
objectClass: person
objectClass: top
objectClass: organizationalPerson
ou: Human Resources
ou: People
sn: Falena
facsimileTelephoneNumber: +1 408 555 7472
roomNumber: 1917
l: Santa Clara
cn: John Falena
telephoneNumber: +1 408 555 8133
uid: jfalena
givenName: John
mail: jfalena@non-default.com
entryUUID: 210585bb-14ac-393d-aa8f-34d395ef4344

dn: uid=speterso,ou=People,dc=non-default,dc=com
objectClass: inetOrgPerson
objectClass: person
objectClass: top
objectClass: organizationalPerson
ou: Product Development
ou: People
sn: Peterson
facsimileTelephoneNumber: +1 408 555 9332
roomNumber: 3073
l: Cupertino
cn: Sue Peterson
telephoneNumber: +1 408 555 3613
uid: speterso
givenName: Sue
mail: speterso@non-default.com
entryUUID: fe5def49-1fef-34fd-adfb-a507b452c5bf

dn: uid=ejohnson,ou=People,dc=non-default,dc=com
objectClass: inetOrgPerson
objectClass: person
objectClass: top
objectClass: organizationalPerson
ou: Accounting
ou: People
sn: Johnson
facsimileTelephoneNumber: +1 408 555 9332
roomNumber: 3737
l: Santa Clara
cn: Emanuel Johnson
telephoneNumber: +1 408 555 3287
uid: ejohnson
givenName: Emanuel
mail: ejohnson@non-default.com
entryUUID: 92965378-f147-3dc1-8b6a-1183cc3a1f3e

dn: uid=prigden,ou=People,dc=non-default,dc=com
objectClass: inetOrgPerson
objectClass: person
objectClass: top
objectClass: organizationalPerson
ou: Human Resources
ou: People
sn: Rigden
facsimileTelephoneNumber: +1 408 555 8473
roomNumber: 1271
l: Sunnyvale
cn: Peter Rigden
telephoneNumber: +1 408 555 5099
uid: prigden
givenName: Peter
mail: prigden@non-default.com
entryUUID: d00713dc-8e7e-36cf-8a73-11e79da21454

dn: uid=bwalker,ou=People,dc=non-default,dc=com
objectClass: inetOrgPerson
objectClass: person
objectClass: top
objectClass: organizationalPerson
ou: Accounting
ou: People
sn: Walker
facsimileTelephoneNumber: +1 408 555 0111
roomNumber: 3529
l: Santa Clara
cn: Brad Walker
telephoneNumber: +1 408 555 5476
uid: bwalker
givenName: Brad
mail: bwalker@non-default.com
entryUUID: 9514144f-5436-34da-be84-48a4c4d776d9

dn: uid=kjensen,ou=People,dc=non-default,dc=com
objectClass: inetOrgPerson
objectClass: person
objectClass: top
objectClass: organizationalPerson
ou: Product Development
ou: People
sn: Jensen
facsimileTelephoneNumber: +1 408 555 8721
roomNumber: 1944
l: Santa Clara
cn: Kurt Jensen
telephoneNumber: +1 408 555 6127
uid: kjensen
givenName: Kurt
mail: kjensen@non-default.com
entryUUID: 90a6a50d-2c09-3260-a4af-702a49c6dc26

dn: uid=mlott,ou=People,dc=non-default,dc=com
objectClass: inetOrgPerson
objectClass: person
objectClass: top
objectClass: organizationalPerson
ou: Human Resources
ou: People
sn: Lott
facsimileTelephoneNumber: +1 408 555 9332
roomNumber: 0498
l: Sunnyvale
cn: Mike Lott
telephoneNumber: +1 408 555 2234
uid: mlott
givenName: Mike
mail: mlott@non-default.com
entryUUID: 792debf2-f135-377f-b8f2-bc37b40ece4f

dn: uid=cwallace,ou=People,dc=non-default,dc=com
objectClass: inetOrgPerson
objectClass: person
objectClass: top
objectClass: organizationalPerson
ou: Product Development
ou: People
sn: Wallace
facsimileTelephoneNumber: +1 408 555 8721
roomNumber: 0349
l: Cupertino
cn: Cecil Wallace
telephoneNumber: +1 408 555 6438
uid: cwallace
givenName: Cecil
mail: cwallace@non-default.com
entryUUID: e165008e-ef58-381b-b192-33e47111105d

dn: uid=tpierce,ou=People,dc=non-default,dc=com
objectClass: inetOrgPerson
objectClass: person
objectClass: top
objectClass: organizationalPerson
ou: Accounting
ou: People
sn: Pierce
facsimileTelephoneNumber: +1 408 555 9332
roomNumber: 1383
l: Sunnyvale
cn: Tobias Pierce
telephoneNumber: +1 408 555 1531
uid: tpierce
givenName: Tobias
mail: tpierce@non-default.com
entryUUID: c9b432f2-a758-3c57-97e7-bff81e4d3ba1

dn: uid=rbannist,ou=People,dc=non-default,dc=com
objectClass: inetOrgPerson
objectClass: person
objectClass: top
objectClass: organizationalPerson
ou: Human Resources
ou: People
sn: Bannister
facsimileTelephoneNumber: +1 408 555 4661
roomNumber: 0983
l: Santa Clara
cn: Richard Bannister
telephoneNumber: +1 408 555 1833
uid: rbannist
givenName: Richard
mail: rbannist@non-default.com
entryUUID: d05ba1c6-8232-3451-ba73-66c24467b543

dn: uid=bplante,ou=People,dc=non-default,dc=com
objectClass: inetOrgPerson
objectClass: person
objectClass: top
objectClass: organizationalPerson
ou: Human Resources
ou: People
sn: Plante
facsimileTelephoneNumber: +1 408 555 3825
roomNumber: 4654
l: Cupertino
cn: Brian Plante
telephoneNumber: +1 408 555 3550
uid: bplante
givenName: Brian
mail: bplante@non-default.com
entryUUID: dd0bd1b8-b1ca-3b8c-a86a-bced9151ad7a

dn: uid=rmills,ou=People,dc=non-default,dc=com
objectClass: inetOrgPerson
objectClass: person
objectClass: top
objectClass: organizationalPerson
ou: Accounting
ou: People
sn: Mills
facsimileTelephoneNumber: +1 408 555 3372
roomNumber: 3823
l: Santa Clara
cn: Randy Mills
telephoneNumber: +1 408 555 2072
uid: rmills
givenName: Randy
mail: rmills@non-default.com
entryUUID: 959f428a-15d3-37b2-a1e5-eb24984dd88d

dn: uid=bschneid,ou=People,dc=non-default,dc=com
objectClass: inetOrgPerson
objectClass: person
objectClass: top
objectClass: organizationalPerson
ou: Product Testing
ou: People
sn: Schneider
facsimileTelephoneNumber: +1 408 555 7472
roomNumber: 4471
l: Santa Clara
cn: Benjamin Schneider
telephoneNumber: +1 408 555 1012
uid: bschneid
givenName: Benjamin
mail: bschneid@non-default.com
entryUUID: 913d17e4-8318-3d0c-a6af-821c4bdeb9ca

dn: uid=skellehe,ou=People,dc=non-default,dc=com
objectClass: inetOrgPerson
objectClass: person
objectClass: top
objectClass: organizationalPerson
ou: Payroll
ou: People
sn: Kelleher
facsimileTelephoneNumber: +1 408 555 8721
roomNumber: 1608
l: Santa Clara
cn: Sue Kelleher
telephoneNumber: +1 408 555 3480
uid: skellehe
givenName: Sue
mail: skellehe@non-default.com
entryUUID: f336381a-9115-34ca-b5f4-53559543571e

dn: uid=brentz,ou=People,dc=non-default,dc=com
objectClass: inetOrgPerson
objectClass: person
objectClass: top
objectClass: organizationalPerson
ou: Product Testing
ou: People
sn: Rentz
facsimileTelephoneNumber: +1 408 555 1992
roomNumber: 0617
l: Sunnyvale
cn: Bertram Rentz
telephoneNumber: +1 408 555 5526
uid: brentz
givenName: Bertram
mail: brentz@non-default.com
entryUUID: 9ed9688d-415d-3706-bc97-17b2b84fbf18

dn: uid=dsmith,ou=People,dc=non-default,dc=com
objectClass: inetOrgPerson
objectClass: person
objectClass: top
objectClass: organizationalPerson
ou: Human Resources
ou: People
sn: Smith
facsimileTelephoneNumber: +1 408 555 3372
roomNumber: 0368
l: Santa Clara
cn: Daniel Smith
telephoneNumber: +1 408 555 9519
uid: dsmith
givenName: Daniel
mail: dsmith@non-default.com
entryUUID: f7b26350-4ba3-30cd-b0ec-8645ff90edcd

dn: uid=scarte2,ou=People,dc=non-default,dc=com
objectClass: inetOrgPerson
objectClass: person
objectClass: top
objectClass: organizationalPerson
ou: Product Development
ou: People
sn: Carter
facsimileTelephoneNumber: +1 408 555 9751
roomNumber: 2013
l: Santa Clara
cn: Stephen Carter
telephoneNumber: +1 408 555 6022
uid: scarte2
givenName: Stephen
mail: scarte2@non-default.com
entryUUID: b5a198f6-9449-3865-9601-e254a676a0ff

dn: uid=dthorud,ou=People,dc=non-default,dc=com
objectClass: inetOrgPerson
objectClass: person
objectClass: top
objectClass: organizationalPerson
ou: Accounting
ou: People
sn: Thorud
facsimileTelephoneNumber: +1 408 555 7472
roomNumber: 1128
l: Cupertino
cn: David Thorud
telephoneNumber: +1 408 555 6185
uid: dthorud
givenName: David
mail: dthorud@non-default.com
entryUUID: d0068b17-0c24-31d4-b835-9aa495e2fdd5

dn: uid=ekohler,ou=People,dc=non-default,dc=com
objectClass: inetOrgPerson
objectClass: person
objectClass: top
objectClass: organizationalPerson
ou: Accounting
ou: People
sn: Kohler
facsimileTelephoneNumber: +1 408 555 9332
roomNumber: 2721
l: Sunnyvale
cn: Elba Kohler
telephoneNumber: +1 408 555 1926
uid: ekohler
givenName: Elba
mail: ekohler@non-default.com
entryUUID: 1b27bd6b-a102-3677-823b-fbd4149a324d

dn: uid=lcampbel,ou=People,dc=non-default,dc=com
objectClass: inetOrgPerson
objectClass: person
objectClass: top
objectClass: organizationalPerson
ou: Accounting
ou: People
sn: Campbell
facsimileTelephoneNumber: +1 408 555 1992
roomNumber: 2073
l: Santa Clara
cn: Laurel Campbell
telephoneNumber: +1 408 555 2537
uid: lcampbel
givenName: Laurel
mail: lcampbel@non-default.com
entryUUID: 442b5755-a7f0-3f9d-b067-f04480c5613e

dn: uid=tlabonte,ou=People,dc=non-default,dc=com
objectClass: inetOrgPerson
objectClass: person
objectClass: top
objectClass: organizationalPerson
ou: Human Resources
ou: People
sn: Labonte
facsimileTelephoneNumber: +1 408 555 9751
roomNumber: 1426
l: Cupertino
cn: Tim Labonte
telephoneNumber: +1 408 555 0058
uid: tlabonte
givenName: Tim
mail: tlabonte@non-default.com
entryUUID: ccc89c7c-d5c4-3ada-bdd1-ace1645d337c

dn: uid=slee,ou=People,dc=non-default,dc=com
objectClass: inetOrgPerson
objectClass: person
objectClass: top
objectClass: organizationalPerson
ou: Human Resources
ou: People
sn: Lee
facsimileTelephoneNumber: +1 408 555 4774
roomNumber: 1806
l: Santa Clara
cn: Scott Lee
telephoneNumber: +1 408 555 2335
uid: slee
givenName: Scott
mail: slee@non-default.com
entryUUID: 49c05c60-f3a3-3370-a0de-6d311a5feb0b

dn: uid=bfree,ou=People,dc=non-default,dc=com
objectClass: inetOrgPerson
objectClass: person
objectClass: top
objectClass: organizationalPerson
ou: Human Resources
ou: People
sn: Free
facsimileTelephoneNumber: +1 408 555 4774
roomNumber: 3307
l: Santa Clara
cn: Bjorn Free
telephoneNumber: +1 408 555 8588
uid: bfree
givenName: Bjorn
mail: bfree@non-default.com
entryUUID: e040b725-97d6-30fe-9f6c-7538692dfd36

dn: uid=tschneid,ou=People,dc=non-default,dc=com
objectClass: inetOrgPerson
objectClass: person
objectClass: top
objectClass: organizationalPerson
ou: Accounting
ou: People
sn: Schneider
facsimileTelephoneNumber: +1 408 555 8473
roomNumber: 2292
l: Sunnyvale
cn: Torrey Schneider
telephoneNumber: +1 408 555 7086
uid: tschneid
givenName: Torrey
mail: tschneid@non-default.com
entryUUID: ba4b43e8-80e8-317d-81d1-5c8d638f0cd5

dn: uid=prose,ou=People,dc=non-default,dc=com
objectClass: inetOrgPerson
objectClass: person
objectClass: top
objectClass: organizationalPerson
ou: Accounting
ou: People
sn: Rose
facsimileTelephoneNumber: +1 408 555 3825
roomNumber: 0542
l: Cupertino
cn: Paula Rose
telephoneNumber: +1 408 555 9998
uid: prose
givenName: Paula
mail: prose@non-default.com
entryUUID: ffa1bab9-ead3-31dd-8fae-a935d304c9d6

dn: uid=jhunter,ou=People,dc=non-default,dc=com
objectClass: inetOrgPerson
objectClass: person
objectClass: top
objectClass: organizationalPerson
ou: Product Development
ou: People
sn: Hunter
facsimileTelephoneNumber: +1 408 555 8473
roomNumber: 4856
l: Santa Clara
cn: Janet Hunter
telephoneNumber: +1 408 555 7665
uid: jhunter
givenName: Janet
mail: jhunter@non-default.com
entryUUID: 7e1e8d48-1580-3bfa-9043-9060a36e6d7d

dn: uid=ashelton,ou=People,dc=non-default,dc=com
objectClass: inetOrgPerson
objectClass: person
objectClass: top
objectClass: organizationalPerson
ou: Human Resources
ou: People
sn: Shelton
facsimileTelephoneNumber: +1 408 555 7472
roomNumber: 1987
l: Santa Clara
cn: Alexander Shelton
telephoneNumber: +1 408 555 1081
uid: ashelton
givenName: Alexander
mail: ashelton@non-default.com
entryUUID: 85a3478e-b6e0-3f02-8563-aee33f4662fb

dn: uid=mmcinnis,ou=People,dc=non-default,dc=com
objectClass: inetOrgPerson
objectClass: person
objectClass: top
objectClass: organizationalPerson
ou: Product Development
ou: People
sn: Mcinnis
facsimileTelephoneNumber: +1 408 555 8721
roomNumber: 4818
l: Santa Clara
cn: Marcus Mcinnis
telephoneNumber: +1 408 555 9655
uid: mmcinnis
givenName: Marcus
mail: mmcinnis@non-default.com
entryUUID: 909fb50d-2a9b-3181-97b9-e64b617fa876

dn: uid=falbers,ou=People,dc=non-default,dc=com
objectClass: inetOrgPerson
objectClass: person
objectClass: top
objectClass: organizationalPerson
ou: Accounting
ou: People
sn: Albers
facsimileTelephoneNumber: +1 408 555 9751
roomNumber: 1439
l: Sunnyvale
cn: Frank Albers
telephoneNumber: +1 408 555 3094
uid: falbers
givenName: Frank
mail: falbers@non-default.com
entryUUID: 80e8c0cc-e93a-3487-8051-9565a7fd888b

dn: uid=mschneid,ou=People,dc=non-default,dc=com
objectClass: inetOrgPerson
objectClass: person
objectClass: top
objectClass: organizationalPerson
ou: Accounting
ou: People
sn: Schneider
facsimileTelephoneNumber: +1 408 555 3372
roomNumber: 3153
l: Cupertino
cn: Martin Schneider
telephoneNumber: +1 408 555 5017
uid: mschneid
givenName: Martin
mail: mschneid@non-default.com
entryUUID: d56c8376-e184-3490-b9f3-7734de922c3b

dn: uid=pcruse,ou=People,dc=non-default,dc=com
objectClass: inetOrgPerson
objectClass: person
objectClass: top
objectClass: organizationalPerson
ou: Product Testing
ou: People
sn: Cruse
facsimileTelephoneNumber: +1 408 555 9751
roomNumber: 3967
l: Santa Clara
cn: Patricia Cruse
telephoneNumber: +1 408 555 8641
uid: pcruse
givenName: Patricia
mail: pcruse@non-default.com
entryUUID: c55057c1-d36f-3111-9b5f-dc2d89e77bc7

dn: uid=tkelly,ou=People,dc=non-default,dc=com
objectClass: inetOrgPerson
objectClass: person
objectClass: top
objectClass: organizationalPerson
ou: Product Development
sn: Kelly
facsimileTelephoneNumber: +1 408 555 1992
roomNumber: 3107
l: Santa Clara
cn: Timothy Kelly
telephoneNumber: +1 408 555 4295
uid: tkelly
givenName: Timothy
mail: tkelly@non-default.com
entryUUID: 043e41d6-b7c6-3646-b157-6a07de49f952

dn: uid=ahel,ou=People,dc=non-default,dc=com
objectClass: inetOrgPerson
objectClass: person
objectClass: top
objectClass: organizationalPerson
ou: Accounting
ou: People
sn: Hel
facsimileTelephoneNumber: +1 408 555 8721
roomNumber: 0572
l: Santa Clara
cn: Andrew Hel
telephoneNumber: +1 408 555 2666
uid: ahel
givenName: Andrew
mail: ahel@non-default.com
entryUUID: 7b04752c-d0d1-3ecd-a271-5e84034bc924

dn: uid=jburrell,ou=People,dc=non-default,dc=com
objectClass: inetOrgPerson
objectClass: person
objectClass: top
objectClass: organizationalPerson
ou: Human Resources
ou: People
sn: Burrell
facsimileTelephoneNumber: +1 408 555 4774
roomNumber: 4926
l: Sunnyvale
cn: James Burrell
telephoneNumber: +1 408 555 0751
uid: jburrell
givenName: James
mail: jburrell@non-default.com
entryUUID: d0e5086d-9b37-3ab8-9dd9-cd72ddfc7415

dn: uid=smason,ou=People,dc=non-default,dc=com
objectClass: inetOrgPerson
objectClass: person
objectClass: top
objectClass: organizationalPerson
ou: Product Development
ou: People
sn: Mason
facsimileTelephoneNumber: +1 408 555 0111
roomNumber: 4971
l: Cupertino
cn: Sue Mason
telephoneNumber: +1 408 555 9780
uid: smason
givenName: Sue
mail: smason@non-default.com
entryUUID: 07b248b3-e44a-3ee4-bd33-97f895e7d111

dn: uid=ptyler,ou=People,dc=non-default,dc=com
objectClass: inetOrgPerson
objectClass: person
objectClass: top
objectClass: organizationalPerson
ou: Accounting
ou: People
sn: Tyler
facsimileTelephoneNumber: +1 408 555 4774
roomNumber: 0327
l: Santa Clara
cn: Pete Tyler
telephoneNumber: +1 408 555 3335
uid: ptyler
givenName: Pete
mail: ptyler@non-default.com
entryUUID: 75f92ea7-81d4-3ab4-94ad-190c84291c87

dn: uid=calexand,ou=People,dc=non-default,dc=com
objectClass: inetOrgPerson
objectClass: person
objectClass: top
objectClass: organizationalPerson
ou: Product Development
ou: People
sn: Alexander
facsimileTelephoneNumber: +1 408 555 3825
roomNumber: 2884
l: Sunnyvale
cn: Chris Alexander
telephoneNumber: +1 408 555 9438
uid: calexand
givenName: Chris
mail: calexand@non-default.com
entryUUID: 921217eb-f113-301d-9c5c-3a4bc2c46b7c

dn: uid=jcruse,ou=People,dc=non-default,dc=com
objectClass: inetOrgPerson
objectClass: person
objectClass: top
objectClass: organizationalPerson
ou: Payroll
ou: People
sn: Cruse
facsimileTelephoneNumber: +1 408 555 0111
roomNumber: 0083
l: Santa Clara
cn: Jim Cruse
telephoneNumber: +1 408 555 9482
uid: jcruse
givenName: Jim
mail: jcruse@non-default.com
entryUUID: d3e61984-cf8e-3bbe-a40d-35710124ed38

dn: uid=kcarter,ou=People,dc=non-default,dc=com
objectClass: inetOrgPerson
objectClass: person
objectClass: top
objectClass: organizationalPerson
ou: Human Resources
ou: People
sn: Carter
facsimileTelephoneNumber: +1 408 555 0111
roomNumber: 2320
l: Cupertino
cn: Karen Carter
telephoneNumber: +1 408 555 4675
uid: kcarter
givenName: Karen
mail: kcarter@non-default.com
entryUUID: e5c2bcee-9853-32c9-a7a8-172291409595

dn: uid=rfish,ou=People,dc=non-default,dc=com
objectClass: inetOrgPerson
objectClass: person
objectClass: top
objectClass: organizationalPerson
ou: Human Resources
ou: People
sn: Fish
facsimileTelephoneNumber: +1 408 555 8473
roomNumber: 2317
l: Santa Clara
cn: Randy Fish
telephoneNumber: +1 408 555 9865
uid: rfish
givenName: Randy
mail: rfish@non-default.com
entryUUID: 93b15850-a119-3896-a3a6-d8faec3efe5d

dn: uid=phunt,ou=People,dc=non-default,dc=com
objectClass: inetOrgPerson
objectClass: person
objectClass: top
objectClass: organizationalPerson
ou: Human Resources
ou: People
sn: Hunt
facsimileTelephoneNumber: +1 408 555 0111
roomNumber: 1183
l: Sunnyvale
cn: Philip Hunt
telephoneNumber: +1 408 555 1242
uid: phunt
givenName: Philip
mail: phunt@non-default.com
entryUUID: 56527ad8-1071-366a-ad36-9e532ff04977

dn: uid=rschneid,ou=People,dc=non-default,dc=com
objectClass: inetOrgPerson
objectClass: person
objectClass: top
objectClass: organizationalPerson
ou: Human Resources
ou: People
sn: Schneider
facsimileTelephoneNumber: +1 408 555 9332
roomNumber: 4183
l: Santa Clara
cn: Rachel Schneider
telephoneNumber: +1 408 555 9908
uid: rschneid
givenName: Rachel
mail: rschneid@non-default.com
entryUUID: f8dd390d-924b-325b-9175-c5fc976c9393

dn: uid=bjensen,ou=People,dc=non-default,dc=com
objectClass: inetOrgPerson
objectClass: person
objectClass: top
objectClass: organizationalPerson
ou: Product Development
ou: People
sn: Jensen
facsimileTelephoneNumber: +1 408 555 1992
roomNumber: 0209
l: Cupertino
cn: Barbara Jensen
cn: Babs Jensen
telephoneNumber: +1 408 555 1862
uid: bjensen
givenName: Barbara
mail: bjensen@non-default.com
entryUUID: 3e3e42b7-ad88-3160-8027-724604bf2d55

dn: uid=jlange,ou=People,dc=non-default,dc=com
objectClass: inetOrgPerson
objectClass: person
objectClass: top
objectClass: organizationalPerson
ou: Product Testing
ou: People
sn: Lange
facsimileTelephoneNumber: +1 408 555 1992
roomNumber: 3798
l: Santa Clara
cn: Jim Lange
telephoneNumber: +1 408 555 0488
uid: jlange
givenName: Jim
mail: jlange@non-default.com
entryUUID: 1db048a8-b130-304d-8ca9-aa6fb74b2df4

dn: uid=rulrich,ou=People,dc=non-default,dc=com
objectClass: inetOrgPerson
objectClass: person
objectClass: top
objectClass: organizationalPerson
ou: Accounting
ou: People
sn: Ulrich
facsimileTelephoneNumber: +1 408 555 8721
roomNumber: 1282
l: Sunnyvale
cn: Randy Ulrich
telephoneNumber: +1 408 555 5311
uid: rulrich
givenName: Randy
mail: rulrich@non-default.com
entryUUID: 7cc0b89f-ff13-38f3-8929-4062c45e2176

dn: uid=rfrancis,ou=People,dc=non-default,dc=com
objectClass: inetOrgPerson
objectClass: person
objectClass: top
objectClass: organizationalPerson
ou: Accounting
ou: People
sn: Francis
facsimileTelephoneNumber: +1 408 555 4774
roomNumber: 3482
l: Santa Clara
cn: Richard Francis
telephoneNumber: +1 408 555 8157
uid: rfrancis
givenName: Richard
mail: rfrancis@non-default.com
entryUUID: c37694b4-ee6c-3147-8c45-6c370de6c2c9

dn: uid=mwhite,ou=People,dc=non-default,dc=com
objectClass: inetOrgPerson
objectClass: person
objectClass: top
objectClass: organizationalPerson
ou: Accounting
ou: People
sn: White
facsimileTelephoneNumber: +1 408 555 4661
roomNumber: 3088
l: Cupertino
cn: Morgan White
telephoneNumber: +1 408 555 9620
uid: mwhite
givenName: Morgan
mail: mwhite@non-default.com
entryUUID: 048f2c8f-448d-3cde-9ee2-1ec9b16c15ca

dn: uid=gjensen,ou=People,dc=non-default,dc=com
objectClass: inetOrgPerson
objectClass: person
objectClass: top
objectClass: organizationalPerson
ou: Human Resources
ou: People
sn: Jensen
facsimileTelephoneNumber: +1 408 555 9751
roomNumber: 4609
l: Santa Clara
cn: Gern Jensen
telephoneNumber: +1 408 555 3299
uid: gjensen
givenName: Gern
mail: gjensen@non-default.com
entryUUID: 916ea217-17d3-3a07-a161-2d61139982d7

dn: uid=awhite,ou=People,dc=non-default,dc=com
objectClass: inetOrgPerson
objectClass: person
objectClass: top
objectClass: organizationalPerson
ou: Product Testing
ou: People
sn: White
facsimileTelephoneNumber: +1 408 555 8721
roomNumber: 0142
l: Sunnyvale
cn: Alan White
telephoneNumber: +1 408 555 3232
uid: awhite
givenName: Alan
mail: awhite@non-default.com
entryUUID: 9ae724aa-c18e-3e03-a69b-52dc0bad0ba3

dn: uid=bmaddox,ou=People,dc=non-default,dc=com
objectClass: inetOrgPerson
objectClass: person
objectClass: top
objectClass: organizationalPerson
ou: Accounting
ou: People
sn: Maddox
facsimileTelephoneNumber: +1 408 555 7472
roomNumber: 2207
l: Santa Clara
cn: Barbara Maddox
telephoneNumber: +1 408 555 7783
uid: bmaddox
givenName: Barbara
mail: bmaddox@non-default.com
entryUUID: 55d9f23d-5f58-3170-8d45-cd6149e1a325

dn: uid=mtalbot,ou=People,dc=non-default,dc=com
objectClass: inetOrgPerson
objectClass: person
objectClass: top
objectClass: organizationalPerson
ou: Product Development
ou: People
sn: Talbot
facsimileTelephoneNumber: +1 408 555 8473
roomNumber: 1415
l: Cupertino
cn: Martin Talbot
telephoneNumber: +1 408 555 9228
uid: mtalbot
givenName: Martin
mail: mtalbot@non-default.com
entryUUID: 7cfa1ef3-4142-30f8-9447-f5dceedff9f5

dn: uid=jbrown,ou=People,dc=non-default,dc=com
objectClass: inetOrgPerson
objectClass: person
objectClass: top
objectClass: organizationalPerson
ou: Payroll
ou: People
sn: Brown
facsimileTelephoneNumber: +1 408 555 3825
roomNumber: 4224
l: Santa Clara
cn: Judy Brown
telephoneNumber: +1 408 555 6885
uid: jbrown
givenName: Judy
mail: jbrown@non-default.com
entryUUID: 0a65ec2e-b0eb-3066-8ef0-793b57ca1023

dn: uid=jjensen,ou=People,dc=non-default,dc=com
objectClass: inetOrgPerson
objectClass: person
objectClass: top
objectClass: organizationalPerson
ou: Accounting
ou: People
sn: Jensen
facsimileTelephoneNumber: +1 408 555 8721
roomNumber: 4882
l: Sunnyvale
cn: Jody Jensen
telephoneNumber: +1 408 555 7587
uid: jjensen
givenName: Jody
mail: jjensen@non-default.com
entryUUID: 6c3f3ef6-72ba-31bf-992f-59c6b2d89fff

dn: uid=mcarter,ou=People,dc=non-default,dc=com
objectClass: inetOrgPerson
objectClass: person
objectClass: top
objectClass: organizationalPerson
ou: Accounting
ou: People
sn: Carter
facsimileTelephoneNumber: +1 408 555 4661
roomNumber: 3819
l: Santa Clara
cn: Mike Carter
telephoneNumber: +1 408 555 1846
uid: mcarter
givenName: Mike
mail: mcarter@non-default.com
entryUUID: 745fbca9-a15c-32af-9c4a-8347e8f92a3e

dn: uid=dakers,ou=People,dc=non-default,dc=com
objectClass: inetOrgPerson
objectClass: person
objectClass: top
objectClass: organizationalPerson
ou: Human Resources
ou: People
sn: Akers
facsimileTelephoneNumber: +1 408 555 8721
roomNumber: 4944
l: Cupertino
cn: David Akers
telephoneNumber: +1 408 555 4812
uid: dakers
givenName: David
mail: dakers@non-default.com
entryUUID: 1be30318-9c4c-33d1-b634-2ba7c60dd61c

dn: uid=sfarmer,ou=People,dc=non-default,dc=com
objectClass: inetOrgPerson
objectClass: person
objectClass: top
objectClass: organizationalPerson
ou: Product Development
ou: People
sn: Farmer
facsimileTelephoneNumber: +1 408 555 4661
roomNumber: 0019
l: Santa Clara
cn: Scott Farmer
telephoneNumber: +1 408 555 4228
uid: sfarmer
givenName: Scott
mail: sfarmer@non-default.com
entryUUID: 4bfa4745-eb23-34a7-aa8c-3dbc91b107b2

dn: uid=dward,ou=People,dc=non-default,dc=com
objectClass: inetOrgPerson
objectClass: person
objectClass: top
objectClass: organizationalPerson
ou: Product Testing
ou: People
sn: Ward
facsimileTelephoneNumber: +1 408 555 7472
roomNumber: 3927
l: Sunnyvale
cn: Daniel Ward
telephoneNumber: +1 408 555 5322
uid: dward
givenName: Daniel
mail: dward@non-default.com
entryUUID: c7728360-370b-34ca-836f-06c748a3c1e8

dn: uid=tward,ou=People,dc=non-default,dc=com
objectClass: inetOrgPerson
objectClass: person
objectClass: top
objectClass: organizationalPerson
ou: Human Resources
ou: People
sn: Ward
facsimileTelephoneNumber: +1 408 555 4661
roomNumber: 2238
l: Santa Clara
cn: Tobias Ward
telephoneNumber: +1 408 555 7202
uid: tward
givenName: Tobias
mail: tward@non-default.com
entryUUID: 812c665f-ca5d-392b-90b1-473a075cc6a4

dn: uid=pshelton,ou=People,dc=non-default,dc=com
objectClass: inetOrgPerson
objectClass: person
objectClass: top
objectClass: organizationalPerson
ou: Payroll
ou: People
sn: Shelton
facsimileTelephoneNumber: +1 408 555 4661
roomNumber: 2918
l: Cupertino
cn: Patricia Shelton
telephoneNumber: +1 408 555 6442
uid: pshelton
givenName: Patricia
mail: pshelton@non-default.com
entryUUID: 5275af28-9b24-3d3f-895c-4c59cd8adb9f

dn: uid=jrentz,ou=People,dc=non-default,dc=com
objectClass: inetOrgPerson
objectClass: person
objectClass: top
objectClass: organizationalPerson
ou: Human Resources
ou: People
sn: Rentz
facsimileTelephoneNumber: +1 408 555 1992
roomNumber: 3025
l: Santa Clara
cn: Jody Rentz
telephoneNumber: +1 408 555 5829
uid: jrentz
givenName: Jody
mail: jrentz@non-default.com
entryUUID: 3d0c03d0-ad42-3ad4-954c-bf6a2301377a

dn: uid=plorig,ou=People,dc=non-default,dc=com
objectClass: inetOrgPerson
objectClass: person
objectClass: top
objectClass: organizationalPerson
ou: Human Resources
ou: People
sn: Lorig
facsimileTelephoneNumber: +1 408 555 7472
roomNumber: 1276
l: Sunnyvale
cn: Peter Lorig
telephoneNumber: +1 408 555 0624
uid: plorig
givenName: Peter
mail: plorig@non-default.com
entryUUID: 295cb6c5-3ca6-33de-a8e4-194143c4b69f

dn: uid=ajensen,ou=People,dc=non-default,dc=com
objectClass: inetOrgPerson
objectClass: person
objectClass: top
objectClass: organizationalPerson
ou: Product Development
ou: People
sn: Jensen
facsimileTelephoneNumber: +1 408 555 0111
roomNumber: 0784
l: Santa Clara
cn: Allison Jensen
telephoneNumber: +1 408 555 7892
uid: ajensen
givenName: Allison
mail: ajensen@non-default.com
entryUUID: 48abdbaa-1325-3e7a-b382-b8ea85649719

dn: uid=kschmith,ou=People,dc=non-default,dc=com
objectClass: inetOrgPerson
objectClass: person
objectClass: top
objectClass: organizationalPerson
ou: Human Resources
ou: People
sn: Schmith
facsimileTelephoneNumber: +1 408 555 3372
roomNumber: 2221
l: Cupertino
cn: Kelly Schmith
telephoneNumber: +1 408 555 9749
uid: kschmith
givenName: Kelly
mail: kschmith@non-default.com
entryUUID: 5fab44da-eeed-3673-8101-94d18bf0ceaa

dn: uid=pworrell,ou=People,dc=non-default,dc=com
objectClass: inetOrgPerson
objectClass: person
objectClass: top
objectClass: organizationalPerson
ou: Human Resources
ou: People
sn: Worrell
facsimileTelephoneNumber: +1 408 555 7472
roomNumber: 2449
l: Santa Clara
cn: Pete Worrell
telephoneNumber: +1 408 555 1637
uid: pworrell
givenName: Pete
mail: pworrell@non-default.com
entryUUID: 45012cd2-c5c3-36b9-95a4-e22b0084a77d

dn: uid=mreuter,ou=People,dc=non-default,dc=com
objectClass: inetOrgPerson
objectClass: person
objectClass: top
objectClass: organizationalPerson
ou: Human Resources
ou: People
sn: Reuter
facsimileTelephoneNumber: +1 408 555 3825
roomNumber: 1356
l: Sunnyvale
cn: Matthew Reuter
telephoneNumber: +1 408 555 6879
uid: mreuter
givenName: Matthew
mail: mreuter@non-default.com
entryUUID: 30f58078-77f3-3938-8e9f-6745b2e33f8d

dn: uid=gtyler,ou=People,dc=non-default,dc=com
objectClass: inetOrgPerson
objectClass: person
objectClass: top
objectClass: organizationalPerson
ou: Accounting
ou: People
sn: Tyler
facsimileTelephoneNumber: +1 408 555 4774
roomNumber: 0312
l: Santa Clara
cn: Gern Tyler
telephoneNumber: +1 408 555 1020
uid: gtyler
givenName: Gern
mail: gtyler@non-default.com
entryUUID: 6f95cbd0-d7d8-3bfa-87de-80e590ca33fb

dn: uid=tschmith,ou=People,dc=non-default,dc=com
objectClass: inetOrgPerson
objectClass: person
objectClass: top
objectClass: organizationalPerson
ou: Human Resources
ou: People
sn: Schmith
facsimileTelephoneNumber: +1 408 555 1992
roomNumber: 4607
l: Cupertino
cn: Tobias Schmith
telephoneNumber: +1 408 555 9626
uid: tschmith
givenName: Tobias
mail: tschmith@non-default.com
entryUUID: 4261cb9a-6009-351b-aa6f-b779d60ded30

dn: uid=bjense2,ou=People,dc=non-default,dc=com
objectClass: inetOrgPerson
objectClass: person
objectClass: top
objectClass: organizationalPerson
ou: Accounting
ou: People
sn: Jensen
facsimileTelephoneNumber: +1 408 555 4774
roomNumber: 4294
l: Santa Clara
cn: Bjorn Jensen
telephoneNumber: +1 408 555 5655
uid: bjense2
givenName: Bjorn
mail: bjense2@non-default.com
entryUUID: 99072475-ba45-322e-96f4-2288e3774e73

dn: uid=dswain,ou=People,dc=non-default,dc=com
objectClass: inetOrgPerson
objectClass: person
objectClass: top
objectClass: organizationalPerson
ou: Payroll
ou: People
sn: Swain
facsimileTelephoneNumber: +1 408 555 1992
roomNumber: 4396
l: Sunnyvale
cn: Dietrich Swain
telephoneNumber: +1 408 555 9222
uid: dswain
givenName: Dietrich
mail: dswain@non-default.com
entryUUID: b13190e6-0190-3bd0-887f-b2e0d8e06be5

dn: uid=ahall,ou=People,dc=non-default,dc=com
objectClass: inetOrgPerson
objectClass: person
objectClass: top
objectClass: organizationalPerson
ou: Accounting
ou: People
sn: Hall
facsimileTelephoneNumber: +1 408 555 4774
roomNumber: 3050
l: Santa Clara
cn: Andy Hall
telephoneNumber: +1 408 555 6169
uid: ahall
givenName: Andy
mail: ahall@non-default.com
entryUUID: 926363f2-c665-39d8-88b6-8e93d82fd2f8

dn: uid=jmuffly,ou=People,dc=non-default,dc=com
objectClass: inetOrgPerson
objectClass: person
objectClass: top
objectClass: organizationalPerson
ou: Product Development
ou: People
sn: Muffly
facsimileTelephoneNumber: +1 408 555 9751
roomNumber: 0997
l: Cupertino
cn: Jeff Muffly
telephoneNumber: +1 408 555 5287
uid: jmuffly
givenName: Jeff
mail: jmuffly@non-default.com
entryUUID: 8855efc7-7338-3e37-bd42-9d823e40cb2d

dn: uid=tjensen,ou=People,dc=non-default,dc=com
objectClass: inetOrgPerson
objectClass: person
objectClass: top
objectClass: organizationalPerson
ou: Accounting
ou: People
sn: Jensen
facsimileTelephoneNumber: +1 408 555 3825
roomNumber: 4717
l: Santa Clara
cn: Ted Jensen
telephoneNumber: +1 408 555 8622
uid: tjensen
givenName: Ted
mail: tjensen@non-default.com
entryUUID: 93ea4034-4346-3190-a1e9-0f0c8518e870

dn: uid=ahunter,ou=People,dc=non-default,dc=com
objectClass: inetOrgPerson
objectClass: person
objectClass: top
objectClass: organizationalPerson
ou: Payroll
ou: People
sn: Hunter
facsimileTelephoneNumber: +1 408 555 8473
roomNumber: 1213
l: Sunnyvale
cn: Allison Hunter
telephoneNumber: +1 408 555 7713
uid: ahunter
givenName: Allison
mail: ahunter@non-default.com
entryUUID: 27836652-5977-323f-b60c-8187f1b3f332

dn: uid=jgoldste,ou=People,dc=non-default,dc=com
objectClass: inetOrgPerson
objectClass: person
objectClass: top
objectClass: organizationalPerson
ou: Human Resources
ou: People
sn: Goldstein
facsimileTelephoneNumber: +1 408 555 7472
roomNumber: 1454
l: Santa Clara
cn: Jon Goldstein
telephoneNumber: +1 408 555 5769
uid: jgoldste
givenName: Jon
mail: jgoldste@non-default.com
entryUUID: e2b178a7-e14f-3fc4-85ab-e053f02581f6

dn: uid=aworrell,ou=People,dc=non-default,dc=com
objectClass: inetOrgPerson
objectClass: person
objectClass: top
objectClass: organizationalPerson
ou: Product Development
ou: People
sn: Worrell
facsimileTelephoneNumber: +1 408 555 3825
roomNumber: 3966
l: Cupertino
cn: Alan Worrell
telephoneNumber: +1 408 555 1591
uid: aworrell
givenName: Alan
mail: aworrell@non-default.com
entryUUID: 21e4f0e4-5e12-3742-bf9f-c10847aba083

dn: uid=wlutz,ou=People,dc=non-default,dc=com
objectClass: inetOrgPerson
objectClass: person
objectClass: top
objectClass: organizationalPerson
ou: Accounting
ou: People
sn: Lutz
facsimileTelephoneNumber: +1 408 555 9332
roomNumber: 4912
l: Santa Clara
cn: Wendy Lutz
telephoneNumber: +1 408 555 3358
uid: wlutz
givenName: Wendy
mail: wlutz@non-default.com
entryUUID: 0cd6ce30-fdb0-3198-8905-ec2fab872361

dn: uid=jlutz,ou=People,dc=non-default,dc=com
objectClass: inetOrgPerson
objectClass: person
objectClass: top
objectClass: organizationalPerson
ou: Human Resources
ou: People
sn: Lutz
facsimileTelephoneNumber: +1 408 555 3825
roomNumber: 2544
l: Sunnyvale
cn: Janet Lutz
telephoneNumber: +1 408 555 4902
uid: jlutz
givenName: Janet
mail: jlutz@non-default.com
entryUUID: d0699beb-deab-33eb-9ca6-939f5fcf3ca6

dn: uid=dlangdon,ou=People,dc=non-default,dc=com
objectClass: inetOrgPerson
objectClass: person
objectClass: top
objectClass: organizationalPerson
ou: Product Development
ou: People
sn: Langdon
facsimileTelephoneNumber: +1 408 555 8473
roomNumber: 3263
l: Santa Clara
cn: Dan Langdon
telephoneNumber: +1 408 555 7044
uid: dlangdon
givenName: Dan
mail: dlangdon@non-default.com
entryUUID: ec35b755-b98a-393a-b731-a7c7cf2fc468

dn: uid=aknutson,ou=People,dc=non-default,dc=com
objectClass: inetOrgPerson
objectClass: person
objectClass: top
objectClass: organizationalPerson
ou: Product Development
ou: People
sn: Knutson
facsimileTelephoneNumber: +1 408 555 4774
roomNumber: 4736
l: Cupertino
cn: Ashley Knutson
telephoneNumber: +1 408 555 2169
uid: aknutson
givenName: Ashley
mail: aknutson@non-default.com
entryUUID: af3d3fdd-ae7a-35d0-ac91-46fc79990e79

dn: uid=kmcinnis,ou=People,dc=non-default,dc=com
objectClass: inetOrgPerson
objectClass: person
objectClass: top
objectClass: organizationalPerson
ou: Accounting
ou: People
sn: Mcinnis
facsimileTelephoneNumber: +1 408 555 0111
roomNumber: 4312
l: Santa Clara
cn: Kelly Mcinnis
telephoneNumber: +1 408 555 8596
uid: kmcinnis
givenName: Kelly
mail: kmcinnis@non-default.com
entryUUID: 5e4d9901-33cc-327f-aa42-8794e43b5878

dn: uid=tcouzens,ou=People,dc=non-default,dc=com
objectClass: inetOrgPerson
objectClass: person
objectClass: top
objectClass: organizationalPerson
ou: Accounting
ou: People
sn: Couzens
facsimileTelephoneNumber: +1 408 555 4661
roomNumber: 3994
l: Sunnyvale
cn: Trent Couzens
telephoneNumber: +1 408 555 8401
uid: tcouzens
givenName: Trent
mail: tcouzens@non-default.com
entryUUID: 954d4149-68d7-3361-b821-9d44e3b2a6eb

dn: uid=lstockto,ou=People,dc=non-default,dc=com
objectClass: inetOrgPerson
objectClass: person
objectClass: top
objectClass: organizationalPerson
ou: Product Testing
ou: People
sn: Stockton
facsimileTelephoneNumber: +1 408 555 4774
roomNumber: 0169
l: Santa Clara
cn: Lee Stockton
telephoneNumber: +1 408 555 0518
uid: lstockto
givenName: Lee
mail: lstockto@non-default.com
entryUUID: 349b5230-6e91-330b-9a98-509d88d6c857

dn: uid=jbourke,ou=People,dc=non-default,dc=com
objectClass: inetOrgPerson
objectClass: person
objectClass: top
objectClass: organizationalPerson
ou: Product Development
ou: People
sn: Bourke
facsimileTelephoneNumber: +1 408 555 4774
roomNumber: 0034
l: Cupertino
cn: Jon Bourke
telephoneNumber: +1 408 555 8541
uid: jbourke
givenName: Jon
mail: jbourke@non-default.com
entryUUID: ed730217-c093-3f84-a716-f03ffe93d6b1

dn: uid=dlanoway,ou=People,dc=non-default,dc=com
objectClass: inetOrgPerson
objectClass: person
objectClass: top
objectClass: organizationalPerson
ou: Accounting
ou: People
sn: Lanoway
facsimileTelephoneNumber: +1 408 555 8473
roomNumber: 3540
l: Santa Clara
cn: Dan Lanoway
telephoneNumber: +1 408 555 2017
uid: dlanoway
givenName: Dan
mail: dlanoway@non-default.com
entryUUID: be431f19-2117-3b2b-9ff1-419bebf1be94

dn: uid=kcope,ou=People,dc=non-default,dc=com
objectClass: inetOrgPerson
objectClass: person
objectClass: top
objectClass: organizationalPerson
ou: Human Resources
ou: People
sn: Cope
facsimileTelephoneNumber: +1 408 555 8721
roomNumber: 3040
l: Sunnyvale
cn: Karl Cope
telephoneNumber: +1 408 555 2709
uid: kcope
givenName: Karl
mail: kcope@non-default.com
entryUUID: 81f45ef0-8022-3fc8-ac2d-e56d5a6de884

dn: uid=abarnes,ou=People,dc=non-default,dc=com
objectClass: inetOrgPerson
objectClass: person
objectClass: top
objectClass: organizationalPerson
ou: Payroll
ou: People
sn: Barnes
facsimileTelephoneNumber: +1 408 555 4661
roomNumber: 2290
l: Santa Clara
cn: Anne-Louise Barnes
telephoneNumber: +1 408 555 9445
uid: abarnes
givenName: Anne-Louise
mail: abarnes@non-default.com
entryUUID: 9335fcc5-2e91-3f66-9547-2d0dbc91f99b

dn: uid=rjensen,ou=People,dc=non-default,dc=com
objectClass: inetOrgPerson
objectClass: person
objectClass: top
objectClass: organizationalPerson
ou: Accounting
ou: People
sn: Jensen
facsimileTelephoneNumber: +1 408 555 3825
roomNumber: 2631
l: Cupertino
cn: Richard Jensen
telephoneNumber: +1 408 555 5957
uid: rjensen
givenName: Richard
mail: rjensen@non-default.com
entryUUID: c6c8ba62-d6e3-3c2c-9105-baf1bcbfe8a9

dn: uid=phun2,ou=People,dc=non-default,dc=com
objectClass: inetOrgPerson
objectClass: person
objectClass: top
objectClass: organizationalPerson
ou: Product Development
ou: People
sn: Hunt
facsimileTelephoneNumber: +1 408 555 4661
roomNumber: 0087
l: Santa Clara
cn: Pete Hunt
telephoneNumber: +1 408 555 0342
uid: phun2
givenName: Pete
mail: phun2@non-default.com
entryUUID: 0df90fae-fffc-34b0-a715-d6e28c08c7bf

dn: uid=mvaughan,ou=People,dc=non-default,dc=com
objectClass: inetOrgPerson
objectClass: person
objectClass: top
objectClass: organizationalPerson
ou: Product Testing
ou: People
sn: Vaughan
facsimileTelephoneNumber: +1 408 555 0111
roomNumber: 4508
l: Sunnyvale
cn: Matthew Vaughan
telephoneNumber: +1 408 555 4692
uid: mvaughan
givenName: Matthew
mail: mvaughan@non-default.com
entryUUID: 2d39d2a0-cf5f-3c6d-ad38-0cbaa3b43732

dn: uid=jlut2,ou=People,dc=non-default,dc=com
objectClass: inetOrgPerson
objectClass: person
objectClass: top
objectClass: organizationalPerson
ou: Human Resources
ou: People
sn: Lutz
facsimileTelephoneNumber: +1 408 555 3825
roomNumber: 3541
l: Santa Clara
cn: James Lutz
telephoneNumber: +1 408 555 9689
uid: jlut2
givenName: James
mail: jlut2@non-default.com
entryUUID: dbf06843-35cc-39f6-9fe2-fddc5e2de5ab

dn: uid=mjablons,ou=People,dc=non-default,dc=com
objectClass: inetOrgPerson
objectClass: person
objectClass: top
objectClass: organizationalPerson
ou: Accounting
ou: People
sn: Jablonski
facsimileTelephoneNumber: +1 408 555 7472
roomNumber: 3160
l: Cupertino
cn: Morgan Jablonski
telephoneNumber: +1 408 555 0813
uid: mjablons
givenName: Morgan
mail: mjablons@non-default.com
entryUUID: c92c8b34-389e-37c7-aaf2-c10198d56a0b

dn: uid=pchassin,ou=People,dc=non-default,dc=com
objectClass: inetOrgPerson
objectClass: person
objectClass: top
objectClass: organizationalPerson
ou: Payroll
ou: People
sn: Chassin
facsimileTelephoneNumber: +1 408 555 3372
roomNumber: 4524
l: Santa Clara
cn: Peter Chassin
telephoneNumber: +1 408 555 2816
uid: pchassin
givenName: Peter
mail: pchassin@non-default.com
entryUUID: 84a0a5ca-bcf7-3dbc-95eb-384bcc5775e2

dn: uid=dcope,ou=People,dc=non-default,dc=com
objectClass: inetOrgPerson
objectClass: person
objectClass: top
objectClass: organizationalPerson
ou: Product Development
ou: People
sn: Cope
facsimileTelephoneNumber: +1 408 555 8721
roomNumber: 1737
l: Sunnyvale
cn: Dan Cope
telephoneNumber: +1 408 555 9813
uid: dcope
givenName: Dan
mail: dcope@non-default.com
entryUUID: 5c67c921-14a8-34a8-8bea-1ccec9881c7e

dn: uid=jrent2,ou=People,dc=non-default,dc=com
objectClass: inetOrgPerson
objectClass: person
objectClass: top
objectClass: organizationalPerson
ou: Payroll
ou: People
sn: Rentz
facsimileTelephoneNumber: +1 408 555 8473
roomNumber: 4405
l: Santa Clara
cn: Judy Rentz
telephoneNumber: +1 408 555 2523
uid: jrent2
givenName: Judy
mail: jrent2@non-default.com
entryUUID: b4d6e7e1-2bd5-3071-84bd-5f525add7f67

dn: uid=tcruse,ou=People,dc=non-default,dc=com
objectClass: inetOrgPerson
objectClass: person
objectClass: top
objectClass: organizationalPerson
ou: Human Resources
ou: People
sn: Cruse
facsimileTelephoneNumber: +1 408 555 4774
roomNumber: 4191
l: Cupertino
cn: Tobias Cruse
telephoneNumber: +1 408 555 5980
uid: tcruse
givenName: Tobias
mail: tcruse@non-default.com
entryUUID: 63e20523-0070-33fc-b645-2854f34f86d4

dn: uid=eward,ou=People,dc=non-default,dc=com
objectClass: inetOrgPerson
objectClass: person
objectClass: top
objectClass: organizationalPerson
ou: Human Resources
ou: People
sn: Ward
facsimileTelephoneNumber: +1 408 555 7472
roomNumber: 4874
l: Santa Clara
cn: Eric Ward
telephoneNumber: +1 408 555 2320
uid: eward
givenName: Eric
mail: eward@non-default.com
entryUUID: f5e29a3d-9cc7-3b32-af4b-67a011755c91

dn: uid=ttully,ou=People,dc=non-default,dc=com
objectClass: inetOrgPerson
objectClass: person
objectClass: top
objectClass: organizationalPerson
ou: Human Resources
ou: People
sn: Tully
facsimileTelephoneNumber: +1 408 555 0111
roomNumber: 3924
l: Sunnyvale
cn: Torrey Tully
telephoneNumber: +1 408 555 2274
uid: ttully
givenName: Torrey
mail: ttully@non-default.com
entryUUID: b09dae69-dd3e-3b7f-9599-d0d7283e8839

dn: uid=charvey,ou=People,dc=non-default,dc=com
objectClass: inetOrgPerson
objectClass: person
objectClass: top
objectClass: organizationalPerson
ou: Product Development
ou: People
sn: Harvey
facsimileTelephoneNumber: +1 408 555 3825
roomNumber: 4583
l: Santa Clara
cn: Cecil Harvey
telephoneNumber: +1 408 555 1815
uid: charvey
givenName: Cecil
mail: charvey@non-default.com
entryUUID: 203b3dda-3d15-34a7-9497-8d0a2f9a87b6

dn: uid=rfisher,ou=People,dc=non-default,dc=com
objectClass: inetOrgPerson
objectClass: person
objectClass: top
objectClass: organizationalPerson
ou: Human Resources
ou: People
sn: Fisher
facsimileTelephoneNumber: +1 408 555 1992
roomNumber: 1579
l: Cupertino
cn: Randy Fisher
telephoneNumber: +1 408 555 1506
uid: rfisher
givenName: Randy
mail: rfisher@non-default.com
entryUUID: 127ff78a-e4f4-3b72-8f78-aaede1d7436e

dn: uid=alangdon,ou=People,dc=non-default,dc=com
objectClass: inetOrgPerson
objectClass: person
objectClass: top
objectClass: organizationalPerson
ou: Product Development
ou: People
sn: Langdon
facsimileTelephoneNumber: +1 408 555 9332
roomNumber: 2254
l: Santa Clara
cn: Andrew Langdon
telephoneNumber: +1 408 555 8289
uid: alangdon
givenName: Andrew
mail: alangdon@non-default.com
entryUUID: af0c952e-f7af-3215-8f71-527b6565c8e3

dn: uid=drose,ou=People,dc=non-default,dc=com
objectClass: inetOrgPerson
objectClass: person
objectClass: top
objectClass: organizationalPerson
ou: Product Testing
ou: People
sn: Rose
facsimileTelephoneNumber: +1 408 555 0111
roomNumber: 4012
l: Sunnyvale
cn: David Rose
telephoneNumber: +1 408 555 3963
uid: drose
givenName: David
mail: drose@non-default.com
entryUUID: a081e871-4326-39bc-8a2f-4f6de2835318

dn: uid=polfield,ou=People,dc=non-default,dc=com
objectClass: inetOrgPerson
objectClass: person
objectClass: top
objectClass: organizationalPerson
ou: Human Resources
ou: People
sn: Olfield
facsimileTelephoneNumber: +1 408 555 8473
roomNumber: 1376
l: Santa Clara
cn: Peter Olfield
telephoneNumber: +1 408 555 8231
uid: polfield
givenName: Peter
mail: polfield@non-default.com
entryUUID: 9d6bd514-f7e5-373b-bb9e-5b43e7280b9f

dn: uid=awalker,ou=People,dc=non-default,dc=com
objectClass: inetOrgPerson
objectClass: person
objectClass: top
objectClass: organizationalPerson
ou: Accounting
ou: People
sn: Walker
facsimileTelephoneNumber: +1 408 555 3372
roomNumber: 0061
l: Cupertino
cn: Andy Walker
telephoneNumber: +1 408 555 9199
uid: awalker
givenName: Andy
mail: awalker@non-default.com
entryUUID: b707a311-bdea-3c7d-bb80-540cfd3a8b35

dn: uid=lrentz,ou=People,dc=non-default,dc=com
objectClass: inetOrgPerson
objectClass: person
objectClass: top
objectClass: organizationalPerson
ou: Human Resources
ou: People
sn: Rentz
facsimileTelephoneNumber: +1 408 555 8473
roomNumber: 2203
l: Santa Clara
cn: Lex Rentz
telephoneNumber: +1 408 555 2019
uid: lrentz
givenName: Lex
mail: lrentz@non-default.com
entryUUID: 969db86c-da90-3d98-b78f-eafc42a5a149

dn: uid=jvaughan,ou=People,dc=non-default,dc=com
objectClass: inetOrgPerson
objectClass: person
objectClass: top
objectClass: organizationalPerson
ou: Human Resources
ou: People
sn: Vaughan
facsimileTelephoneNumber: +1 408 555 9751
roomNumber: 1734
l: Sunnyvale
cn: Jeff Vaughan
telephoneNumber: +1 408 555 4543
uid: jvaughan
givenName: Jeff
mail: jvaughan@non-default.com
entryUUID: 7f3e6301-2c63-3104-be3b-1a3fca063aa6

dn: uid=bfrancis,ou=People,dc=non-default,dc=com
objectClass: inetOrgPerson
objectClass: person
objectClass: top
objectClass: organizationalPerson
ou: Human Resources
ou: People
sn: Francis
facsimileTelephoneNumber: +1 408 555 9751
roomNumber: 3743
l: Santa Clara
cn: Barbara Francis
telephoneNumber: +1 408 555 9111
uid: bfrancis
givenName: Barbara
mail: bfrancis@non-default.com
entryUUID: 755a26de-b70c-3edf-9ac4-5e8b99fc50ee

dn: uid=ewalker,ou=People,dc=non-default,dc=com
objectClass: inetOrgPerson
objectClass: person
objectClass: top
objectClass: organizationalPerson
ou: Payroll
ou: People
sn: Walker
facsimileTelephoneNumber: +1 408 555 8721
roomNumber: 2295
l: Cupertino
cn: Eric Walker
telephoneNumber: +1 408 555 6387
uid: ewalker
givenName: Eric
mail: ewalker@non-default.com
entryUUID: 385efc02-79e7-35a7-8d65-419507a0dd45

dn: uid=tjames,ou=People,dc=non-default,dc=com
objectClass: inetOrgPerson
objectClass: person
objectClass: top
objectClass: organizationalPerson
ou: Accounting
ou: People
sn: James
facsimileTelephoneNumber: +1 408 555 9751
roomNumber: 0730
l: Santa Clara
cn: Tobias James
telephoneNumber: +1 408 555 2458
uid: tjames
givenName: Tobias
mail: tjames@non-default.com
entryUUID: 80aab35a-4ef4-3600-83ff-c6d241cc5dce

dn: uid=brigden,ou=People,dc=non-default,dc=com
objectClass: inetOrgPerson
objectClass: person
objectClass: top
objectClass: organizationalPerson
ou: Human Resources
ou: People
sn: Rigden
facsimileTelephoneNumber: +1 408 555 1992
roomNumber: 1643
l: Sunnyvale
cn: Bjorn Rigden
telephoneNumber: +1 408 555 5263
uid: brigden
givenName: Bjorn
mail: brigden@non-default.com
entryUUID: 884668b6-bd34-3706-b633-a501e960f986

dn: uid=ecruse,ou=People,dc=non-default,dc=com
objectClass: inetOrgPerson
objectClass: person
objectClass: top
objectClass: organizationalPerson
ou: Product Testing
ou: People
sn: Cruse
facsimileTelephoneNumber: +1 408 555 9751
roomNumber: 4233
l: Santa Clara
cn: Eric Cruse
telephoneNumber: +1 408 555 0648
uid: ecruse
givenName: Eric
mail: ecruse@non-default.com
entryUUID: f786a99d-f9a1-35cd-a5cb-0d270a4f43f6

dn: uid=rjense2,ou=People,dc=non-default,dc=com
objectClass: inetOrgPerson
objectClass: person
objectClass: top
objectClass: organizationalPerson
ou: Product Testing
ou: People
sn: Jensen
facsimileTelephoneNumber: +1 408 555 1992
roomNumber: 1984
l: Sunnyvale
cn: Randy Jensen
telephoneNumber: +1 408 555 9045
uid: rjense2
givenName: Randy
mail: rjense2@non-default.com
entryUUID: fbee5c8a-af7b-3dd8-a9d8-9f947218fe15

dn: uid=rhunt,ou=People,dc=non-default,dc=com
objectClass: inetOrgPerson
objectClass: person
objectClass: top
objectClass: organizationalPerson
ou: Accounting
ou: People
sn: Hunt
facsimileTelephoneNumber: +1 408 555 8473
roomNumber: 0718
l: Santa Clara
cn: Richard Hunt
telephoneNumber: +1 408 555 0139
uid: rhunt
givenName: Richard
mail: rhunt@non-default.com
entryUUID: be37dff5-3c86-327c-b9ab-743c18c7f345

dn: uid=bparker,ou=People,dc=non-default,dc=com
objectClass: inetOrgPerson
objectClass: person
objectClass: top
objectClass: organizationalPerson
ou: Product Development
ou: People
sn: Parker
facsimileTelephoneNumber: +1 408 555 9332
roomNumber: 1148
l: Sunnyvale
cn: Barry Parker
telephoneNumber: +1 408 555 4647
uid: bparker
givenName: Barry
mail: bparker@non-default.com
entryUUID: 2bb9db41-3200-3503-8f89-3f80fc67c0fa

dn: uid=ealexand,ou=People,dc=non-default,dc=com
objectClass: inetOrgPerson
objectClass: person
objectClass: top
objectClass: organizationalPerson
ou: Product Testing
ou: People
sn: Alexander
facsimileTelephoneNumber: +1 408 555 9751
roomNumber: 2434
l: Santa Clara
cn: Erin Alexander
telephoneNumber: +1 408 555 5563
uid: ealexand
givenName: Erin
mail: ealexand@non-default.com
entryUUID: 173afc2f-3d54-3254-87c3-af767e72d8f0

dn: uid=mtyler,ou=People,dc=non-default,dc=com
objectClass: inetOrgPerson
objectClass: person
objectClass: top
objectClass: organizationalPerson
ou: Human Resources
ou: People
sn: Tyler
facsimileTelephoneNumber: +1 408 555 4661
roomNumber: 2701
l: Cupertino
cn: Matthew Tyler
telephoneNumber: +1 408 555 7907
uid: mtyler
givenName: Matthew
mail: mtyler@non-default.com
entryUUID: 3dddafd5-356e-3ef0-9e0c-70881ef2f7e1

dn: uid=elott,ou=People,dc=non-default,dc=com
objectClass: inetOrgPerson
objectClass: person
objectClass: top
objectClass: organizationalPerson
ou: Product Testing
ou: People
sn: Lott
facsimileTelephoneNumber: +1 408 555 9751
roomNumber: 3906
l: Santa Clara
cn: Emanuel Lott
telephoneNumber: +1 408 555 0932
uid: elott
givenName: Emanuel
mail: elott@non-default.com
entryUUID: 83673477-18db-3f1b-90ae-4651c1dde3ee

dn: uid=cnewport,ou=People,dc=non-default,dc=com
objectClass: inetOrgPerson
objectClass: person
objectClass: top
objectClass: organizationalPerson
ou: Product Development
ou: People
sn: Newport
facsimileTelephoneNumber: +1 408 555 9332
roomNumber: 0056
l: Sunnyvale
cn: Christoph Newport
telephoneNumber: +1 408 555 0066
uid: cnewport
givenName: Christoph
mail: cnewport@non-default.com
entryUUID: 1948335c-3a90-37bf-bdc4-4c9e57c314df

dn: uid=jvedder,ou=People,dc=non-default,dc=com
objectClass: inetOrgPerson
objectClass: person
objectClass: top
objectClass: organizationalPerson
ou: Product Development
ou: People
sn: Vedder
facsimileTelephoneNumber: +1 408 555 0111
roomNumber: 3445
l: Santa Clara
cn: Jeff Vedder
telephoneNumber: +1 408 555 4668
uid: jvedder
givenName: Jeff
mail: jvedder@non-default.com
entryUUID: 3e5e7b97-ed64-3bb4-8aff-b400890a8917

dn: cn=Accounting Managers,ou=groups,dc=non-default,dc=com
objectClass: groupOfUniqueNames
objectClass: top
ou: groups
uniqueMember: uid=scarter, ou=People, dc=non-default,dc=com
uniqueMember: uid=tmorris, ou=People, dc=non-default,dc=com
description: People who can manage accounting entries
cn: Accounting Managers
entryUUID: 51ba299c-b977-3de6-bddf-774f1ea88fd3

dn: cn=HR Managers,ou=groups,dc=non-default,dc=com
objectClass: groupOfUniqueNames
objectClass: top
ou: groups
uniqueMember: uid=kvaughan, ou=People, dc=non-default,dc=com
uniqueMember: uid=cschmith, ou=People, dc=non-default,dc=com
description: People who can manage HR entries
cn: HR Managers
entryUUID: 4d70b18f-70a3-3dba-849b-9c4142f28a64

dn: cn=QA Managers,ou=groups,dc=non-default,dc=com
objectClass: groupOfUniqueNames
objectClass: top
ou: groups
uniqueMember: uid=abergin, ou=People, dc=non-default,dc=com
uniqueMember: uid=jwalker, ou=People, dc=non-default,dc=com
description: People who can manage QA entries
cn: QA Managers
entryUUID: 6ae18fe5-541c-313e-afd5-40ce5f9a5607

dn: cn=PD Managers,ou=groups,dc=non-default,dc=com
objectClass: groupOfUniqueNames
objectClass: top
ou: groups
uniqueMember: uid=kwinters, ou=People, dc=non-default,dc=com
uniqueMember: uid=trigden, ou=People, dc=non-default,dc=com
description: People who can manage engineer entries
cn: PD Managers
entryUUID: 1aa044f5-2bd3-30af-be1e-6dac25a72aaf

dn: ou=Company Servers,dc=non-default,dc=com
objectClass: top
objectClass: organizationalUnit
ou: Company Servers
description: Standard branch for Company Server registration
entryUUID: 18cabf33-fa03-3711-abac-bbf6b02eaa17

