dn: uid=user.1,ou=ldapsearch,o=clu tests,dc=example,dc=com
objectClass: person
objectClass: inetorgperson
objectClass: top
objectClass: organizationalperson
postalAddress: Aaren Atp$90369 Lincoln Street$Lafayette, RI  61381
initials: AVA
street: 90369 Lincoln Street
mobile: +1 206 947 0972
mail: user.1@example.com
employeeNumber: 1
pager: +1 575 714 2075
sn: Atp
postalCode: 61381
userPassword: {SSHA}LrBv0i/fIEMDnvrCRXuZuRn5nNLdTKeQc1jBKw==
l: Lafayette
description: This is the description for Aaren Atp.
cn: Aaren Atp
telephoneNumber: +1 705 284 6303
st: RI
uid: user.1
givenName: Aaren
homePhone: +1 119 705 9603

# Total number of matching entries: 1

dn: uid=user.10,ou=ldapsearch,o=clu tests,dc=example,dc=com
objectClass: person
objectClass: inetorgperson
objectClass: top
objectClass: organizationalperson
postalAddress: Abbey Abbie$11399 Pine Street$Phoenix, DE  38670
initials: ABA
street: 11399 Pine Street
mobile: +1 270 791 9926
mail: user.10@example.com
employeeNumber: 10
pager: +1 567 779 0093
sn: Abbie
postalCode: 38670
userPassword: {SSHA}LrBv0i/fIEMDnvrCRXuZuRn5nNLdTKeQc1jBKw==
l: Phoenix
description: This is the description for Abbey Abbie.
cn: Abbey Abbie
telephoneNumber: +1 055 508 5801
st: DE
uid: user.10
givenName: Abbey
homePhone: +1 793 080 9078

# Total number of matching entries: 1

dn: uid=user.11,ou=ldapsearch,o=clu tests,dc=example,dc=com
objectClass: person
objectClass: inetorgperson
objectClass: top
objectClass: organizationalperson
postalAddress: Abbi Abbott$76335 Twelfth Street$Austin, MN  06878
initials: AMA
street: 76335 Twelfth Street
mobile: +1 945 344 9474
mail: user.11@example.com
employeeNumber: 11
pager: +1 202 494 4051
sn: Abbott
postalCode: 06878
userPassword: {SSHA}LrBv0i/fIEMDnvrCRXuZuRn5nNLdTKeQc1jBKw==
l: Austin
description: This is the description for Abbi Abbott.
cn: Abbi Abbott
telephoneNumber: +1 694 313 5401
st: MN
uid: user.11
givenName: Abbi
homePhone: +1 776 680 9667

# Total number of matching entries: 1

dn: uid=user.12,ou=ldapsearch,o=clu tests,dc=example,dc=com
objectClass: person
objectClass: inetorgperson
objectClass: top
objectClass: organizationalperson
postalAddress: Abbie Abdalla$87230 Spruce Street$Bloomington, TN  02103
initials: AOA
street: 87230 Spruce Street
mobile: +1 202 363 3841
mail: user.12@example.com
employeeNumber: 12
pager: +1 505 920 0623
sn: Abdalla
postalCode: 02103
userPassword: {SSHA}LrBv0i/fIEMDnvrCRXuZuRn5nNLdTKeQc1jBKw==
l: Bloomington
description: This is the description for Abbie Abdalla.
cn: Abbie Abdalla
telephoneNumber: +1 244 411 0729
st: TN
uid: user.12
givenName: Abbie
homePhone: +1 242 003 0330

# Total number of matching entries: 1

dn: uid=user.13,ou=ldapsearch,o=clu tests,dc=example,dc=com
objectClass: person
objectClass: inetorgperson
objectClass: top
objectClass: organizationalperson
postalAddress: Abby Abdo$16749 Eighth Street$Minneapolis, NY  81286
initials: AXA
street: 16749 Eighth Street
mobile: +1 288 706 7620
mail: user.13@example.com
employeeNumber: 13
pager: +1 557 025 3367
sn: Abdo
postalCode: 81286
userPassword: {SSHA}LrBv0i/fIEMDnvrCRXuZuRn5nNLdTKeQc1jBKw==
l: Minneapolis
description: This is the description for Abby Abdo.
cn: Abby Abdo
telephoneNumber: +1 284 036 0260
st: NY
uid: user.13
givenName: Abby
homePhone: +1 038 533 8903

# Total number of matching entries: 1

dn: uid=user.14,ou=ldapsearch,o=clu tests,dc=example,dc=com
objectClass: person
objectClass: inetorgperson
objectClass: top
objectClass: organizationalperson
postalAddress: Abbye Abdollahi$60320 Fourteenth Street$Victoria, LA  25003
initials: ALA
street: 60320 Fourteenth Street
mobile: +1 190 164 3464
mail: user.14@example.com
employeeNumber: 14
pager: +1 098 383 0133
sn: Abdollahi
postalCode: 25003
userPassword: {SSHA}LrBv0i/fIEMDnvrCRXuZuRn5nNLdTKeQc1jBKw==
l: Victoria
description: This is the description for Abbye Abdollahi.
cn: Abbye Abdollahi
telephoneNumber: +1 511 008 7304
st: LA
uid: user.14
givenName: Abbye
homePhone: +1 957 901 3534

# Total number of matching entries: 1

dn: uid=user.15,ou=ldapsearch,o=clu tests,dc=example,dc=com
objectClass: person
objectClass: inetorgperson
objectClass: top
objectClass: organizationalperson
postalAddress: Abdalla Abdou$18792 Eleventh Street$Flint, AL  75440
initials: ARA
street: 18792 Eleventh Street
mobile: +1 003 587 0243
mail: user.15@example.com
employeeNumber: 15
pager: +1 400 194 9235
sn: Abdou
postalCode: 75440
userPassword: {SSHA}LrBv0i/fIEMDnvrCRXuZuRn5nNLdTKeQc1jBKw==
l: Flint
description: This is the description for Abdalla Abdou.
cn: Abdalla Abdou
telephoneNumber: +1 335 505 2675
st: AL
uid: user.15
givenName: Abdalla
homePhone: +1 339 080 8037

# Total number of matching entries: 1

dn: uid=user.16,ou=ldapsearch,o=clu tests,dc=example,dc=com
objectClass: person
objectClass: inetorgperson
objectClass: top
objectClass: organizationalperson
postalAddress: Abdallah Abdul-Nour$42171 Laurel Street$Dothan, MT  14713
initials: AHA
street: 42171 Laurel Street
mobile: +1 102 337 0237
mail: user.16@example.com
employeeNumber: 16
pager: +1 040 921 5645
sn: Abdul-Nour
postalCode: 14713
userPassword: {SSHA}LrBv0i/fIEMDnvrCRXuZuRn5nNLdTKeQc1jBKw==
l: Dothan
description: This is the description for Abdallah Abdul-Nour.
cn: Abdallah Abdul-Nour
telephoneNumber: +1 200 104 9808
st: MT
uid: user.16
givenName: Abdallah
homePhone: +1 544 505 0502

# Total number of matching entries: 1

dn: uid=user.17,ou=ldapsearch,o=clu tests,dc=example,dc=com
objectClass: person
objectClass: inetorgperson
objectClass: top
objectClass: organizationalperson
postalAddress: Abdul Abdulla$37767 Forest Street$Fort Wayne, NV  52716
initials: ACA
street: 37767 Forest Street
mobile: +1 171 370 0198
mail: user.17@example.com
employeeNumber: 17
pager: +1 789 023 0275
sn: Abdulla
postalCode: 52716
userPassword: {SSHA}LrBv0i/fIEMDnvrCRXuZuRn5nNLdTKeQc1jBKw==
l: Fort Wayne
description: This is the description for Abdul Abdulla.
cn: Abdul Abdulla
telephoneNumber: +1 622 798 2216
st: NV
uid: user.17
givenName: Abdul
homePhone: +1 008 048 2102

# Total number of matching entries: 1

dn: uid=user.18,ou=ldapsearch,o=clu tests,dc=example,dc=com
objectClass: person
objectClass: inetorgperson
objectClass: top
objectClass: organizationalperson
postalAddress: Abdullah Abdullah$67821 Walnut Street$Superior, SC  30443
initials: AZA
street: 67821 Walnut Street
mobile: +1 075 275 2392
mail: user.18@example.com
employeeNumber: 18
pager: +1 693 142 0500
sn: Abdullah
postalCode: 30443
userPassword: {SSHA}LrBv0i/fIEMDnvrCRXuZuRn5nNLdTKeQc1jBKw==
l: Superior
description: This is the description for Abdullah Abdullah.
cn: Abdullah Abdullah
telephoneNumber: +1 103 079 4939
st: SC
uid: user.18
givenName: Abdullah
homePhone: +1 974 673 5856

# Total number of matching entries: 1

dn: uid=user.19,ou=ldapsearch,o=clu tests,dc=example,dc=com
objectClass: person
objectClass: inetorgperson
objectClass: top
objectClass: organizationalperson
postalAddress: Abe Abe$88733 Locust Street$Parkersburg, UT  69480
initials: AGA
street: 88733 Locust Street
mobile: +1 830 519 2697
mail: user.19@example.com
employeeNumber: 19
pager: +1 934 208 1404
sn: Abe
postalCode: 69480
userPassword: {SSHA}LrBv0i/fIEMDnvrCRXuZuRn5nNLdTKeQc1jBKw==
l: Parkersburg
description: This is the description for Abe Abe.
cn: Abe Abe
telephoneNumber: +1 736 431 3653
st: UT
uid: user.19
givenName: Abe
homePhone: +1 940 495 0950

# Total number of matching entries: 1

dn: uid=user.100,ou=ldapsearch,o=clu tests,dc=example,dc=com
objectClass: person
objectClass: inetorgperson
objectClass: top
objectClass: organizationalperson
postalAddress: Aggy Ahad$59420 Walnut Street$Shreveport, MT  70669
initials: AMA
street: 59420 Walnut Street
mobile: +1 889 079 1465
mail: user.100@example.com
employeeNumber: 100
pager: +1 900 914 5056
sn: Ahad
postalCode: 70669
userPassword: {SSHA}LrBv0i/fIEMDnvrCRXuZuRn5nNLdTKeQc1jBKw==
l: Shreveport
description: This is the description for Aggy Ahad.
cn: Aggy Ahad
telephoneNumber: +1 557 697 7143
st: MT
uid: user.100
givenName: Aggy
homePhone: +1 053 081 5612

# Total number of matching entries: 1

dn: uid=user.101,ou=ldapsearch,o=clu tests,dc=example,dc=com
objectClass: person
objectClass: inetorgperson
objectClass: top
objectClass: organizationalperson
postalAddress: Agna Ahdieh$78030 College Street$Casper, UT  20022
initials: AEA
street: 78030 College Street
mobile: +1 960 569 3787
mail: user.101@example.com
employeeNumber: 101
pager: +1 058 055 6707
sn: Ahdieh
postalCode: 20022
userPassword: {SSHA}LrBv0i/fIEMDnvrCRXuZuRn5nNLdTKeQc1jBKw==
l: Casper
description: This is the description for Agna Ahdieh.
cn: Agna Ahdieh
telephoneNumber: +1 076 187 2901
st: UT
uid: user.101
givenName: Agna
homePhone: +1 016 637 0134

# Total number of matching entries: 1

dn: uid=user.102,ou=ldapsearch,o=clu tests,dc=example,dc=com
objectClass: person
objectClass: inetorgperson
objectClass: top
objectClass: organizationalperson
postalAddress: Agnella Ahlberg$01483 Willow Street$Meridian, AR  92564
initials: APA
street: 01483 Willow Street
mobile: +1 931 910 7934
mail: user.102@example.com
employeeNumber: 102
pager: +1 825 711 4411
sn: Ahlberg
postalCode: 92564
userPassword: {SSHA}LrBv0i/fIEMDnvrCRXuZuRn5nNLdTKeQc1jBKw==
l: Meridian
description: This is the description for Agnella Ahlberg.
cn: Agnella Ahlberg
telephoneNumber: +1 147 680 3936
st: AR
uid: user.102
givenName: Agnella
homePhone: +1 581 714 1158

# Total number of matching entries: 1

dn: uid=user.103,ou=ldapsearch,o=clu tests,dc=example,dc=com
objectClass: person
objectClass: inetorgperson
objectClass: top
objectClass: organizationalperson
postalAddress: Agnes Ahlers$51047 Center Street$Zanesville, ND  15576
initials: AYA
street: 51047 Center Street
mobile: +1 050 400 3406
mail: user.103@example.com
employeeNumber: 103
pager: +1 104 207 3564
sn: Ahlers
postalCode: 15576
userPassword: {SSHA}LrBv0i/fIEMDnvrCRXuZuRn5nNLdTKeQc1jBKw==
l: Zanesville
description: This is the description for Agnes Ahlers.
cn: Agnes Ahlers
telephoneNumber: +1 726 540 5202
st: ND
uid: user.103
givenName: Agnes
homePhone: +1 948 703 9809

# Total number of matching entries: 1

dn: uid=user.104,ou=ldapsearch,o=clu tests,dc=example,dc=com
objectClass: person
objectClass: inetorgperson
objectClass: top
objectClass: organizationalperson
postalAddress: Agnese Ahluwalia$71351 Poplar Street$Flint, NE  94080
initials: ASA
street: 71351 Poplar Street
mobile: +1 989 096 0910
mail: user.104@example.com
employeeNumber: 104
pager: +1 460 516 0125
sn: Ahluwalia
postalCode: 94080
userPassword: {SSHA}LrBv0i/fIEMDnvrCRXuZuRn5nNLdTKeQc1jBKw==
l: Flint
description: This is the description for Agnese Ahluwalia.
cn: Agnese Ahluwalia
telephoneNumber: +1 212 064 8620
st: NE
uid: user.104
givenName: Agnese
homePhone: +1 040 035 4287

# Total number of matching entries: 1

dn: uid=user.105,ou=ldapsearch,o=clu tests,dc=example,dc=com
objectClass: person
objectClass: inetorgperson
objectClass: top
objectClass: organizationalperson
postalAddress: Agnesse Ahmad$08889 Laurel Street$Watertown, CT  27651
initials: AAA
street: 08889 Laurel Street
mobile: +1 560 670 4380
mail: user.105@example.com
employeeNumber: 105
pager: +1 050 315 2570
sn: Ahmad
postalCode: 27651
userPassword: {SSHA}LrBv0i/fIEMDnvrCRXuZuRn5nNLdTKeQc1jBKw==
l: Watertown
description: This is the description for Agnesse Ahmad.
cn: Agnesse Ahmad
telephoneNumber: +1 459 010 2087
st: CT
uid: user.105
givenName: Agnesse
homePhone: +1 353 980 6716

# Total number of matching entries: 1

dn: uid=user.106,ou=ldapsearch,o=clu tests,dc=example,dc=com
objectClass: person
objectClass: inetorgperson
objectClass: top
objectClass: organizationalperson
postalAddress: Agneta Ahmadi$15689 Green Street$Scranton, IN  49288
initials: AEA
street: 15689 Green Street
mobile: +1 730 460 3012
mail: user.106@example.com
employeeNumber: 106
pager: +1 359 282 4004
sn: Ahmadi
postalCode: 49288
userPassword: {SSHA}LrBv0i/fIEMDnvrCRXuZuRn5nNLdTKeQc1jBKw==
l: Scranton
description: This is the description for Agneta Ahmadi.
cn: Agneta Ahmadi
telephoneNumber: +1 893 942 3226
st: IN
uid: user.106
givenName: Agneta
homePhone: +1 640 609 0698

# Total number of matching entries: 1

dn: uid=user.107,ou=ldapsearch,o=clu tests,dc=example,dc=com
objectClass: person
objectClass: inetorgperson
objectClass: top
objectClass: organizationalperson
postalAddress: Agnola Ahmed$50456 Pine Street$Glendive, WY  02414
initials: AOA
street: 50456 Pine Street
mobile: +1 640 599 0233
mail: user.107@example.com
employeeNumber: 107
pager: +1 389 215 6763
sn: Ahmed
postalCode: 02414
userPassword: {SSHA}LrBv0i/fIEMDnvrCRXuZuRn5nNLdTKeQc1jBKw==
l: Glendive
description: This is the description for Agnola Ahmed.
cn: Agnola Ahmed
telephoneNumber: +1 405 522 0009
st: WY
uid: user.107
givenName: Agnola
homePhone: +1 273 556 6405

# Total number of matching entries: 1

dn: uid=user.108,ou=ldapsearch,o=clu tests,dc=example,dc=com
objectClass: person
objectClass: inetorgperson
objectClass: top
objectClass: organizationalperson
postalAddress: Agretha Aidarous$39415 Thirteenth Street$College Station, TN  109
 24
initials: AXA
street: 39415 Thirteenth Street
mobile: +1 279 401 8871
mail: user.108@example.com
employeeNumber: 108
pager: +1 003 048 3644
sn: Aidarous
postalCode: 10924
userPassword: {SSHA}LrBv0i/fIEMDnvrCRXuZuRn5nNLdTKeQc1jBKw==
l: College Station
description: This is the description for Agretha Aidarous.
cn: Agretha Aidarous
telephoneNumber: +1 475 612 6745
st: TN
uid: user.108
givenName: Agretha
homePhone: +1 559 157 4954

# Total number of matching entries: 1

dn: uid=user.109,ou=ldapsearch,o=clu tests,dc=example,dc=com
objectClass: person
objectClass: inetorgperson
objectClass: top
objectClass: organizationalperson
postalAddress: Ahmad Aiken$29495 Lincoln Street$Twin Falls, AZ  18632
initials: ARA
street: 29495 Lincoln Street
mobile: +1 009 004 8415
mail: user.109@example.com
employeeNumber: 109
pager: +1 234 010 5414
sn: Aiken
postalCode: 18632
userPassword: {SSHA}LrBv0i/fIEMDnvrCRXuZuRn5nNLdTKeQc1jBKw==
l: Twin Falls
description: This is the description for Ahmad Aiken.
cn: Ahmad Aiken
telephoneNumber: +1 213 660 1091
st: AZ
uid: user.109
givenName: Ahmad
homePhone: +1 087 508 6607

# Total number of matching entries: 1

dn: uid=user.110,ou=ldapsearch,o=clu tests,dc=example,dc=com
objectClass: person
objectClass: inetorgperson
objectClass: top
objectClass: organizationalperson
postalAddress: Ahmed Aimone$26215 Central Street$Marquette, WY  83702
initials: AFA
street: 26215 Central Street
mobile: +1 270 515 5439
mail: user.110@example.com
employeeNumber: 110
pager: +1 205 490 3042
sn: Aimone
postalCode: 83702
userPassword: {SSHA}LrBv0i/fIEMDnvrCRXuZuRn5nNLdTKeQc1jBKw==
l: Marquette
description: This is the description for Ahmed Aimone.
cn: Ahmed Aimone
telephoneNumber: +1 061 262 6148
st: WY
uid: user.110
givenName: Ahmed
homePhone: +1 549 707 8390

# Total number of matching entries: 1

dn: uid=user.111,ou=ldapsearch,o=clu tests,dc=example,dc=com
objectClass: person
objectClass: inetorgperson
objectClass: top
objectClass: organizationalperson
postalAddress: Ahmet Ainsworth$56425 Fifteenth Street$Erie, MN  09465
initials: ATA
street: 56425 Fifteenth Street
mobile: +1 010 582 7854
mail: user.111@example.com
employeeNumber: 111
pager: +1 839 827 0938
sn: Ainsworth
postalCode: 09465
userPassword: {SSHA}LrBv0i/fIEMDnvrCRXuZuRn5nNLdTKeQc1jBKw==
l: Erie
description: This is the description for Ahmet Ainsworth.
cn: Ahmet Ainsworth
telephoneNumber: +1 585 007 8806
st: MN
uid: user.111
givenName: Ahmet
homePhone: +1 733 231 7875

# Total number of matching entries: 1

dn: uid=user.112,ou=ldapsearch,o=clu tests,dc=example,dc=com
objectClass: person
objectClass: inetorgperson
objectClass: top
objectClass: organizationalperson
postalAddress: Aida Aitken$89123 Davis Street$Twin Falls, MS  32095
initials: ARA
street: 89123 Davis Street
mobile: +1 567 908 7105
mail: user.112@example.com
employeeNumber: 112
pager: +1 375 072 3350
sn: Aitken
postalCode: 32095
userPassword: {SSHA}LrBv0i/fIEMDnvrCRXuZuRn5nNLdTKeQc1jBKw==
l: Twin Falls
description: This is the description for Aida Aitken.
cn: Aida Aitken
telephoneNumber: +1 057 920 9109
st: MS
uid: user.112
givenName: Aida
homePhone: +1 709 870 1037

# Total number of matching entries: 1

dn: uid=user.113,ou=ldapsearch,o=clu tests,dc=example,dc=com
objectClass: person
objectClass: inetorgperson
objectClass: top
objectClass: organizationalperson
postalAddress: Aidan Ajersch$79700 Cedar Street$Colorado Springs, WV  19003
initials: AJA
street: 79700 Cedar Street
mobile: +1 015 251 2474
mail: user.113@example.com
employeeNumber: 113
pager: +1 980 629 0060
sn: Ajersch
postalCode: 19003
userPassword: {SSHA}LrBv0i/fIEMDnvrCRXuZuRn5nNLdTKeQc1jBKw==
l: Colorado Springs
description: This is the description for Aidan Ajersch.
cn: Aidan Ajersch
telephoneNumber: +1 749 013 3801
st: WV
uid: user.113
givenName: Aidan
homePhone: +1 704 393 0642

# Total number of matching entries: 1

dn: uid=user.114,ou=ldapsearch,o=clu tests,dc=example,dc=com
objectClass: person
objectClass: inetorgperson
objectClass: top
objectClass: organizationalperson
postalAddress: Aideen Akai$60160 South Street$Bowling Green, MA  34483
initials: AMA
street: 60160 South Street
mobile: +1 005 647 4470
mail: user.114@example.com
employeeNumber: 114
pager: +1 549 925 0960
sn: Akai
postalCode: 34483
userPassword: {SSHA}LrBv0i/fIEMDnvrCRXuZuRn5nNLdTKeQc1jBKw==
l: Bowling Green
description: This is the description for Aideen Akai.
cn: Aideen Akai
telephoneNumber: +1 140 830 2216
st: MA
uid: user.114
givenName: Aideen
homePhone: +1 538 602 2366

# Total number of matching entries: 1

dn: uid=user.115,ou=ldapsearch,o=clu tests,dc=example,dc=com
objectClass: person
objectClass: inetorgperson
objectClass: top
objectClass: organizationalperson
postalAddress: Aiden Akbas$72198 South Street$Atlanta, IN  57730
initials: ADA
street: 72198 South Street
mobile: +1 184 780 2061
mail: user.115@example.com
employeeNumber: 115
pager: +1 493 308 5579
sn: Akbas
postalCode: 57730
userPassword: {SSHA}LrBv0i/fIEMDnvrCRXuZuRn5nNLdTKeQc1jBKw==
l: Atlanta
description: This is the description for Aiden Akbas.
cn: Aiden Akbas
telephoneNumber: +1 439 940 1501
st: IN
uid: user.115
givenName: Aiden
homePhone: +1 028 018 4607

# Total number of matching entries: 1

dn: uid=user.116,ou=ldapsearch,o=clu tests,dc=example,dc=com
objectClass: person
objectClass: inetorgperson
objectClass: top
objectClass: organizationalperson
postalAddress: Aigneis Akens$25403 Oak Street$Grand Rapids, OH  54933
initials: AYA
street: 25403 Oak Street
mobile: +1 910 430 3145
mail: user.116@example.com
employeeNumber: 116
pager: +1 575 145 5668
sn: Akens
postalCode: 54933
userPassword: {SSHA}LrBv0i/fIEMDnvrCRXuZuRn5nNLdTKeQc1jBKw==
l: Grand Rapids
description: This is the description for Aigneis Akens.
cn: Aigneis Akens
telephoneNumber: +1 250 964 1075
st: OH
uid: user.116
givenName: Aigneis
homePhone: +1 327 574 0711

# Total number of matching entries: 1

dn: uid=user.117,ou=ldapsearch,o=clu tests,dc=example,dc=com
objectClass: person
objectClass: inetorgperson
objectClass: top
objectClass: organizationalperson
postalAddress: Aila Akers$52983 Adams Street$Ardmore, DC  49373
initials: AGA
street: 52983 Adams Street
mobile: +1 966 737 0105
mail: user.117@example.com
employeeNumber: 117
pager: +1 476 226 5156
sn: Akers
postalCode: 49373
userPassword: {SSHA}LrBv0i/fIEMDnvrCRXuZuRn5nNLdTKeQc1jBKw==
l: Ardmore
description: This is the description for Aila Akers.
cn: Aila Akers
telephoneNumber: +1 117 868 9497
st: DC
uid: user.117
givenName: Aila
homePhone: +1 083 885 6496

# Total number of matching entries: 1

dn: uid=user.118,ou=ldapsearch,o=clu tests,dc=example,dc=com
objectClass: person
objectClass: inetorgperson
objectClass: top
objectClass: organizationalperson
postalAddress: Aile Akhavan$13019 Lee Street$Atlanta, VT  32863
initials: AOA
street: 13019 Lee Street
mobile: +1 825 805 9580
mail: user.118@example.com
employeeNumber: 118
pager: +1 315 255 0005
sn: Akhavan
postalCode: 32863
userPassword: {SSHA}LrBv0i/fIEMDnvrCRXuZuRn5nNLdTKeQc1jBKw==
l: Atlanta
description: This is the description for Aile Akhavan.
cn: Aile Akhavan
telephoneNumber: +1 757 500 9284
st: VT
uid: user.118
givenName: Aile
homePhone: +1 501 567 0370

# Total number of matching entries: 1

dn: uid=user.119,ou=ldapsearch,o=clu tests,dc=example,dc=com
objectClass: person
objectClass: inetorgperson
objectClass: top
objectClass: organizationalperson
postalAddress: Ailee Akhtar$98904 Fifth Street$Bowling Green, CA  46513
initials: AHA
street: 98904 Fifth Street
mobile: +1 020 640 4134
mail: user.119@example.com
employeeNumber: 119
pager: +1 139 756 4987
sn: Akhtar
postalCode: 46513
userPassword: {SSHA}LrBv0i/fIEMDnvrCRXuZuRn5nNLdTKeQc1jBKw==
l: Bowling Green
description: This is the description for Ailee Akhtar.
cn: Ailee Akhtar
telephoneNumber: +1 023 008 5548
st: CA
uid: user.119
givenName: Ailee
homePhone: +1 364 007 8459

# Total number of matching entries: 1

dn: uid=user.120,ou=ldapsearch,o=clu tests,dc=example,dc=com
objectClass: person
objectClass: inetorgperson
objectClass: top
objectClass: organizationalperson
postalAddress: Aileen Akita$01229 Willow Street$Harrisburg, OK  12310
initials: ADA
street: 01229 Willow Street
mobile: +1 300 304 2630
mail: user.120@example.com
employeeNumber: 120
pager: +1 526 697 6234
sn: Akita
postalCode: 12310
userPassword: {SSHA}LrBv0i/fIEMDnvrCRXuZuRn5nNLdTKeQc1jBKw==
l: Harrisburg
description: This is the description for Aileen Akita.
cn: Aileen Akita
telephoneNumber: +1 634 630 7678
st: OK
uid: user.120
givenName: Aileen
homePhone: +1 160 036 6385

# Total number of matching entries: 1

dn: uid=user.121,ou=ldapsearch,o=clu tests,dc=example,dc=com
objectClass: person
objectClass: inetorgperson
objectClass: top
objectClass: organizationalperson
postalAddress: Ailene Akkermans$51181 West Street$Augusta, ID  80680
initials: AHA
street: 51181 West Street
mobile: +1 192 064 3051
mail: user.121@example.com
employeeNumber: 121
pager: +1 034 027 0550
sn: Akkermans
postalCode: 80680
userPassword: {SSHA}LrBv0i/fIEMDnvrCRXuZuRn5nNLdTKeQc1jBKw==
l: Augusta
description: This is the description for Ailene Akkermans.
cn: Ailene Akkermans
telephoneNumber: +1 776 254 3661
st: ID
uid: user.121
givenName: Ailene
homePhone: +1 399 037 9060

# Total number of matching entries: 1

dn: uid=user.122,ou=ldapsearch,o=clu tests,dc=example,dc=com
objectClass: person
objectClass: inetorgperson
objectClass: top
objectClass: organizationalperson
postalAddress: Ailey Akrawi$01701 Jefferson Street$Beaumont, AZ  47630
initials: AYA
street: 01701 Jefferson Street
mobile: +1 632 765 5505
mail: user.122@example.com
employeeNumber: 122
pager: +1 032 471 7436
sn: Akrawi
postalCode: 47630
userPassword: {SSHA}LrBv0i/fIEMDnvrCRXuZuRn5nNLdTKeQc1jBKw==
l: Beaumont
description: This is the description for Ailey Akrawi.
cn: Ailey Akrawi
telephoneNumber: +1 757 362 3409
st: AZ
uid: user.122
givenName: Ailey
homePhone: +1 684 977 6042

# Total number of matching entries: 1

dn: uid=user.123,ou=ldapsearch,o=clu tests,dc=example,dc=com
objectClass: person
objectClass: inetorgperson
objectClass: top
objectClass: organizationalperson
postalAddress: Aili Aksel$84899 College Street$Anniston, DC  49399
initials: AYA
street: 84899 College Street
mobile: +1 773 513 0024
mail: user.123@example.com
employeeNumber: 123
pager: +1 891 395 6954
sn: Aksel
postalCode: 49399
userPassword: {SSHA}LrBv0i/fIEMDnvrCRXuZuRn5nNLdTKeQc1jBKw==
l: Anniston
description: This is the description for Aili Aksel.
cn: Aili Aksel
telephoneNumber: +1 372 751 2546
st: DC
uid: user.123
givenName: Aili
homePhone: +1 157 030 0538

# Total number of matching entries: 1

dn: uid=user.124,ou=ldapsearch,o=clu tests,dc=example,dc=com
objectClass: person
objectClass: inetorgperson
objectClass: top
objectClass: organizationalperson
postalAddress: Ailina Akyurekli$98426 Franklin Street$New Haven, ND  00548
initials: ASA
street: 98426 Franklin Street
mobile: +1 741 902 9028
mail: user.124@example.com
employeeNumber: 124
pager: +1 236 710 5020
sn: Akyurekli
postalCode: 00548
userPassword: {SSHA}LrBv0i/fIEMDnvrCRXuZuRn5nNLdTKeQc1jBKw==
l: New Haven
description: This is the description for Ailina Akyurekli.
cn: Ailina Akyurekli
telephoneNumber: +1 954 812 5900
st: ND
uid: user.124
givenName: Ailina
homePhone: +1 301 070 7166

# Total number of matching entries: 1

dn: uid=user.125,ou=ldapsearch,o=clu tests,dc=example,dc=com
objectClass: person
objectClass: inetorgperson
objectClass: top
objectClass: organizationalperson
postalAddress: Ailis Al$50564 Center Street$Florence, AL  79047
initials: AUA
street: 50564 Center Street
mobile: +1 552 462 9446
mail: user.125@example.com
employeeNumber: 125
pager: +1 645 843 6048
sn: Al
postalCode: 79047
userPassword: {SSHA}LrBv0i/fIEMDnvrCRXuZuRn5nNLdTKeQc1jBKw==
l: Florence
description: This is the description for Ailis Al.
cn: Ailis Al
telephoneNumber: +1 340 216 0372
st: AL
uid: user.125
givenName: Ailis
homePhone: +1 502 831 3051

# Total number of matching entries: 1

dn: uid=user.126,ou=ldapsearch,o=clu tests,dc=example,dc=com
objectClass: person
objectClass: inetorgperson
objectClass: top
objectClass: organizationalperson
postalAddress: Ailsun Al Bud$29165 Lee Street$Durham, NE  52328
initials: AOA
street: 29165 Lee Street
mobile: +1 282 383 1006
mail: user.126@example.com
employeeNumber: 126
pager: +1 062 329 5249
sn: Al Bud
postalCode: 52328
userPassword: {SSHA}LrBv0i/fIEMDnvrCRXuZuRn5nNLdTKeQc1jBKw==
l: Durham
description: This is the description for Ailsun Al Bud.
cn: Ailsun Al Bud
telephoneNumber: +1 089 257 5240
st: NE
uid: user.126
givenName: Ailsun
homePhone: +1 316 168 5341

# Total number of matching entries: 1

dn: uid=user.127,ou=ldapsearch,o=clu tests,dc=example,dc=com
objectClass: person
objectClass: inetorgperson
objectClass: top
objectClass: organizationalperson
postalAddress: Ailyn Al-Basi$35734 Madison Street$Lexington, AZ  67220
initials: AUA
street: 35734 Madison Street
mobile: +1 095 707 5113
mail: user.127@example.com
employeeNumber: 127
pager: +1 407 360 5429
sn: Al-Basi
postalCode: 67220
userPassword: {SSHA}LrBv0i/fIEMDnvrCRXuZuRn5nNLdTKeQc1jBKw==
l: Lexington
description: This is the description for Ailyn Al-Basi.
cn: Ailyn Al-Basi
telephoneNumber: +1 903 544 1253
st: AZ
uid: user.127
givenName: Ailyn
homePhone: +1 067 698 3818

# Total number of matching entries: 1

dn: uid=user.128,ou=ldapsearch,o=clu tests,dc=example,dc=com
objectClass: person
objectClass: inetorgperson
objectClass: top
objectClass: organizationalperson
postalAddress: Aime Al-Tarabichi$30506 Third Street$Elmira, MN  00572
initials: AHA
street: 30506 Third Street
mobile: +1 031 049 3493
mail: user.128@example.com
employeeNumber: 128
pager: +1 927 060 0930
sn: Al-Tarabichi
postalCode: 00572
userPassword: {SSHA}LrBv0i/fIEMDnvrCRXuZuRn5nNLdTKeQc1jBKw==
l: Elmira
description: This is the description for Aime Al-Tarabichi.
cn: Aime Al-Tarabichi
telephoneNumber: +1 317 408 0702
st: MN
uid: user.128
givenName: Aime
homePhone: +1 020 395 0109

# Total number of matching entries: 1

dn: uid=user.129,ou=ldapsearch,o=clu tests,dc=example,dc=com
objectClass: person
objectClass: inetorgperson
objectClass: top
objectClass: organizationalperson
postalAddress: Aimee Aladangady$48036 Valley Street$Cincinnati, MI  08474
initials: AYA
street: 48036 Valley Street
mobile: +1 192 035 2113
mail: user.129@example.com
employeeNumber: 129
pager: +1 232 365 6678
sn: Aladangady
postalCode: 08474
userPassword: {SSHA}LrBv0i/fIEMDnvrCRXuZuRn5nNLdTKeQc1jBKw==
l: Cincinnati
description: This is the description for Aimee Aladangady.
cn: Aimee Aladangady
telephoneNumber: +1 920 401 2609
st: MI
uid: user.129
givenName: Aimee
homePhone: +1 747 600 2972

# Total number of matching entries: 1

dn: uid=user.130,ou=ldapsearch,o=clu tests,dc=example,dc=com
objectClass: person
objectClass: inetorgperson
objectClass: top
objectClass: organizationalperson
postalAddress: Aimil Alanis$09315 North Street$Redding, SD  79003
initials: AIA
street: 09315 North Street
mobile: +1 977 950 1456
mail: user.130@example.com
employeeNumber: 130
pager: +1 529 083 0366
sn: Alanis
postalCode: 79003
userPassword: {SSHA}LrBv0i/fIEMDnvrCRXuZuRn5nNLdTKeQc1jBKw==
l: Redding
description: This is the description for Aimil Alanis.
cn: Aimil Alanis
telephoneNumber: +1 085 582 2436
st: SD
uid: user.130
givenName: Aimil
homePhone: +1 857 742 1000

# Total number of matching entries: 1

dn: uid=user.131,ou=ldapsearch,o=clu tests,dc=example,dc=com
objectClass: person
objectClass: inetorgperson
objectClass: top
objectClass: organizationalperson
postalAddress: Aindrea Alanoly$46095 Chestnut Street$Redding, LA  47475
initials: AQA
street: 46095 Chestnut Street
mobile: +1 485 784 3770
mail: user.131@example.com
employeeNumber: 131
pager: +1 815 973 0307
sn: Alanoly
postalCode: 47475
userPassword: {SSHA}LrBv0i/fIEMDnvrCRXuZuRn5nNLdTKeQc1jBKw==
l: Redding
description: This is the description for Aindrea Alanoly.
cn: Aindrea Alanoly
telephoneNumber: +1 200 799 0104
st: LA
uid: user.131
givenName: Aindrea
homePhone: +1 286 020 0393

# Total number of matching entries: 1

dn: uid=user.132,ou=ldapsearch,o=clu tests,dc=example,dc=com
objectClass: person
objectClass: inetorgperson
objectClass: top
objectClass: organizationalperson
postalAddress: Ainslee Alary$99323 Cherry Street$Saint Louis, NE  24466
initials: AJA
street: 99323 Cherry Street
mobile: +1 991 667 3396
mail: user.132@example.com
employeeNumber: 132
pager: +1 294 777 0408
sn: Alary
postalCode: 24466
userPassword: {SSHA}LrBv0i/fIEMDnvrCRXuZuRn5nNLdTKeQc1jBKw==
l: Saint Louis
description: This is the description for Ainslee Alary.
cn: Ainslee Alary
telephoneNumber: +1 035 650 6732
st: NE
uid: user.132
givenName: Ainslee
homePhone: +1 951 916 0576

# Total number of matching entries: 1

dn: uid=user.133,ou=ldapsearch,o=clu tests,dc=example,dc=com
objectClass: person
objectClass: inetorgperson
objectClass: top
objectClass: organizationalperson
postalAddress: Ainsley Alavi$53907 Lakeview Street$Pittsburgh, AL  76940
initials: AMA
street: 53907 Lakeview Street
mobile: +1 490 004 9052
mail: user.133@example.com
employeeNumber: 133
pager: +1 014 893 7909
sn: Alavi
postalCode: 76940
userPassword: {SSHA}LrBv0i/fIEMDnvrCRXuZuRn5nNLdTKeQc1jBKw==
l: Pittsburgh
description: This is the description for Ainsley Alavi.
cn: Ainsley Alavi
telephoneNumber: +1 029 712 2732
st: AL
uid: user.133
givenName: Ainsley
homePhone: +1 166 384 0259

# Total number of matching entries: 1

dn: uid=user.134,ou=ldapsearch,o=clu tests,dc=example,dc=com
objectClass: person
objectClass: inetorgperson
objectClass: top
objectClass: organizationalperson
postalAddress: Ainslie Albea$31407 North Street$Buffalo, VA  50499
initials: AXA
street: 31407 North Street
mobile: +1 900 045 0825
mail: user.134@example.com
employeeNumber: 134
pager: +1 135 069 5437
sn: Albea
postalCode: 50499
userPassword: {SSHA}LrBv0i/fIEMDnvrCRXuZuRn5nNLdTKeQc1jBKw==
l: Buffalo
description: This is the description for Ainslie Albea.
cn: Ainslie Albea
telephoneNumber: +1 085 090 4001
st: VA
uid: user.134
givenName: Ainslie
homePhone: +1 425 295 4749

# Total number of matching entries: 1

dn: uid=user.135,ou=ldapsearch,o=clu tests,dc=example,dc=com
objectClass: person
objectClass: inetorgperson
objectClass: top
objectClass: organizationalperson
postalAddress: Air Albers$34862 Thirteenth Street$Atlanta, OK  03191
initials: ABA
street: 34862 Thirteenth Street
mobile: +1 880 682 7703
mail: user.135@example.com
employeeNumber: 135
pager: +1 400 610 8550
sn: Albers
postalCode: 03191
userPassword: {SSHA}LrBv0i/fIEMDnvrCRXuZuRn5nNLdTKeQc1jBKw==
l: Atlanta
description: This is the description for Air Albers.
cn: Air Albers
telephoneNumber: +1 001 600 1316
st: OK
uid: user.135
givenName: Air
homePhone: +1 020 107 4535

# Total number of matching entries: 1

dn: uid=user.136,ou=ldapsearch,o=clu tests,dc=example,dc=com
objectClass: person
objectClass: inetorgperson
objectClass: top
objectClass: organizationalperson
postalAddress: Ajay Alberse$80070 Lincoln Street$Bloomington, OH  29820
initials: AGA
street: 80070 Lincoln Street
mobile: +1 382 019 4987
mail: user.136@example.com
employeeNumber: 136
pager: +1 222 139 0096
sn: Alberse
postalCode: 29820
userPassword: {SSHA}LrBv0i/fIEMDnvrCRXuZuRn5nNLdTKeQc1jBKw==
l: Bloomington
description: This is the description for Ajay Alberse.
cn: Ajay Alberse
telephoneNumber: +1 295 226 8390
st: OH
uid: user.136
givenName: Ajay
homePhone: +1 304 396 4095

# Total number of matching entries: 1

dn: uid=user.137,ou=ldapsearch,o=clu tests,dc=example,dc=com
objectClass: person
objectClass: inetorgperson
objectClass: top
objectClass: organizationalperson
postalAddress: Ajit Albert$08228 Seventh Street$Ardmore, DC  01631
initials: AGA
street: 08228 Seventh Street
mobile: +1 656 508 5115
mail: user.137@example.com
employeeNumber: 137
pager: +1 274 788 0502
sn: Albert
postalCode: 01631
userPassword: {SSHA}LrBv0i/fIEMDnvrCRXuZuRn5nNLdTKeQc1jBKw==
l: Ardmore
description: This is the description for Ajit Albert.
cn: Ajit Albert
telephoneNumber: +1 349 615 5849
st: DC
uid: user.137
givenName: Ajit
homePhone: +1 075 000 7885

# Total number of matching entries: 1

dn: uid=user.138,ou=ldapsearch,o=clu tests,dc=example,dc=com
objectClass: person
objectClass: inetorgperson
objectClass: top
objectClass: organizationalperson
postalAddress: Ajmal Alberts$03572 Park Street$Cleveland, TX  99336
initials: AIA
street: 03572 Park Street
mobile: +1 257 885 4792
mail: user.138@example.com
employeeNumber: 138
pager: +1 560 333 3503
sn: Alberts
postalCode: 99336
userPassword: {SSHA}LrBv0i/fIEMDnvrCRXuZuRn5nNLdTKeQc1jBKw==
l: Cleveland
description: This is the description for Ajmal Alberts.
cn: Ajmal Alberts
telephoneNumber: +1 474 431 9005
st: TX
uid: user.138
givenName: Ajmal
homePhone: +1 237 122 9597

# Total number of matching entries: 1

dn: uid=user.139,ou=ldapsearch,o=clu tests,dc=example,dc=com
objectClass: person
objectClass: inetorgperson
objectClass: top
objectClass: organizationalperson
postalAddress: Ajoy Alberty$70012 Park Street$Rhinelander, TX  29600
initials: ATA
street: 70012 Park Street
mobile: +1 856 930 9005
mail: user.139@example.com
employeeNumber: 139
pager: +1 061 094 5833
sn: Alberty
postalCode: 29600
userPassword: {SSHA}LrBv0i/fIEMDnvrCRXuZuRn5nNLdTKeQc1jBKw==
l: Rhinelander
description: This is the description for Ajoy Alberty.
cn: Ajoy Alberty
telephoneNumber: +1 027 280 3668
st: TX
uid: user.139
givenName: Ajoy
homePhone: +1 976 546 0139

# Total number of matching entries: 1

dn: uid=user.140,ou=ldapsearch,o=clu tests,dc=example,dc=com
objectClass: person
objectClass: inetorgperson
objectClass: top
objectClass: organizationalperson
postalAddress: Akemi Albery$39443 Valley Street$Eau Claire, PA  74010
initials: AGA
street: 39443 Valley Street
mobile: +1 595 621 4061
mail: user.140@example.com
employeeNumber: 140
pager: +1 586 083 3098
sn: Albery
postalCode: 74010
userPassword: {SSHA}LrBv0i/fIEMDnvrCRXuZuRn5nNLdTKeQc1jBKw==
l: Eau Claire
description: This is the description for Akemi Albery.
cn: Akemi Albery
telephoneNumber: +1 881 000 0390
st: PA
uid: user.140
givenName: Akemi
homePhone: +1 482 090 8201

# Total number of matching entries: 1

dn: uid=user.141,ou=ldapsearch,o=clu tests,dc=example,dc=com
objectClass: person
objectClass: inetorgperson
objectClass: top
objectClass: organizationalperson
postalAddress: Akihiko Albrecht$06889 Hickory Street$Bryan, NH  47302
initials: AGA
street: 06889 Hickory Street
mobile: +1 122 129 0611
mail: user.141@example.com
employeeNumber: 141
pager: +1 521 277 1371
sn: Albrecht
postalCode: 47302
userPassword: {SSHA}LrBv0i/fIEMDnvrCRXuZuRn5nNLdTKeQc1jBKw==
l: Bryan
description: This is the description for Akihiko Albrecht.
cn: Akihiko Albrecht
telephoneNumber: +1 250 680 6398
st: NH
uid: user.141
givenName: Akihiko
homePhone: +1 002 075 5982

# Total number of matching entries: 1

dn: uid=user.142,ou=ldapsearch,o=clu tests,dc=example,dc=com
objectClass: person
objectClass: inetorgperson
objectClass: top
objectClass: organizationalperson
postalAddress: Akin Albright$20126 Eighth Street$Mankato, CT  08073
initials: ALA
street: 20126 Eighth Street
mobile: +1 970 572 0375
mail: user.142@example.com
employeeNumber: 142
pager: +1 782 728 6049
sn: Albright
postalCode: 08073
userPassword: {SSHA}LrBv0i/fIEMDnvrCRXuZuRn5nNLdTKeQc1jBKw==
l: Mankato
description: This is the description for Akin Albright.
cn: Akin Albright
telephoneNumber: +1 929 991 4946
st: CT
uid: user.142
givenName: Akin
homePhone: +1 738 121 1683

# Total number of matching entries: 1

dn: uid=user.143,ou=ldapsearch,o=clu tests,dc=example,dc=com
objectClass: person
objectClass: inetorgperson
objectClass: top
objectClass: organizationalperson
postalAddress: Akio Albritton$87560 East Street$Chico, LA  34761
initials: AYA
street: 87560 East Street
mobile: +1 420 043 7884
mail: user.143@example.com
employeeNumber: 143
pager: +1 500 910 0224
sn: Albritton
postalCode: 34761
userPassword: {SSHA}LrBv0i/fIEMDnvrCRXuZuRn5nNLdTKeQc1jBKw==
l: Chico
description: This is the description for Akio Albritton.
cn: Akio Albritton
telephoneNumber: +1 065 921 6728
st: LA
uid: user.143
givenName: Akio
homePhone: +1 573 512 5856

# Total number of matching entries: 1

dn: uid=user.144,ou=ldapsearch,o=clu tests,dc=example,dc=com
objectClass: person
objectClass: inetorgperson
objectClass: top
objectClass: organizationalperson
postalAddress: Akira Albtentac$32816 Maple Street$Colorado Springs, NH  85670
initials: AXA
street: 32816 Maple Street
mobile: +1 547 442 1058
mail: user.144@example.com
employeeNumber: 144
pager: +1 411 051 1459
sn: Albtentac
postalCode: 85670
userPassword: {SSHA}LrBv0i/fIEMDnvrCRXuZuRn5nNLdTKeQc1jBKw==
l: Colorado Springs
description: This is the description for Akira Albtentac.
cn: Akira Albtentac
telephoneNumber: +1 242 057 2258
st: NH
uid: user.144
givenName: Akira
homePhone: +1 677 620 7749

# Total number of matching entries: 1

dn: uid=user.145,ou=ldapsearch,o=clu tests,dc=example,dc=com
objectClass: person
objectClass: inetorgperson
objectClass: top
objectClass: organizationalperson
postalAddress: Akram Alburger$85702 Seventh Street$Wilmington, TN  31261
initials: AOA
street: 85702 Seventh Street
mobile: +1 106 401 0641
mail: user.145@example.com
employeeNumber: 145
pager: +1 154 251 8250
sn: Alburger
postalCode: 31261
userPassword: {SSHA}LrBv0i/fIEMDnvrCRXuZuRn5nNLdTKeQc1jBKw==
l: Wilmington
description: This is the description for Akram Alburger.
cn: Akram Alburger
telephoneNumber: +1 610 069 3748
st: TN
uid: user.145
givenName: Akram
homePhone: +1 709 047 2264

# Total number of matching entries: 1

dn: uid=user.146,ou=ldapsearch,o=clu tests,dc=example,dc=com
objectClass: person
objectClass: inetorgperson
objectClass: top
objectClass: organizationalperson
postalAddress: Akshay Alcock$60630 Sixth Street$Huntington, MA  00590
initials: AUA
street: 60630 Sixth Street
mobile: +1 949 054 4292
mail: user.146@example.com
employeeNumber: 146
pager: +1 182 563 2814
sn: Alcock
postalCode: 00590
userPassword: {SSHA}LrBv0i/fIEMDnvrCRXuZuRn5nNLdTKeQc1jBKw==
l: Huntington
description: This is the description for Akshay Alcock.
cn: Akshay Alcock
telephoneNumber: +1 724 104 8785
st: MA
uid: user.146
givenName: Akshay
homePhone: +1 536 807 8544

# Total number of matching entries: 1

dn: uid=user.147,ou=ldapsearch,o=clu tests,dc=example,dc=com
objectClass: person
objectClass: inetorgperson
objectClass: top
objectClass: organizationalperson
postalAddress: Al Alcott$49482 Seventh Street$Pueblo, UT  70922
initials: AJA
street: 49482 Seventh Street
mobile: +1 839 856 1004
mail: user.147@example.com
employeeNumber: 147
pager: +1 122 176 1892
sn: Alcott
postalCode: 70922
userPassword: {SSHA}LrBv0i/fIEMDnvrCRXuZuRn5nNLdTKeQc1jBKw==
l: Pueblo
description: This is the description for Al Alcott.
cn: Al Alcott
telephoneNumber: +1 081 258 2452
st: UT
uid: user.147
givenName: Al
homePhone: +1 306 135 8719

# Total number of matching entries: 1

dn: uid=user.148,ou=ldapsearch,o=clu tests,dc=example,dc=com
objectClass: person
objectClass: inetorgperson
objectClass: top
objectClass: organizationalperson
postalAddress: Aladin Alderdice$13456 Lake Street$Cleveland, NC  27936
initials: AAA
street: 13456 Lake Street
mobile: +1 990 341 8048
mail: user.148@example.com
employeeNumber: 148
pager: +1 895 345 0594
sn: Alderdice
postalCode: 27936
userPassword: {SSHA}LrBv0i/fIEMDnvrCRXuZuRn5nNLdTKeQc1jBKw==
l: Cleveland
description: This is the description for Aladin Alderdice.
cn: Aladin Alderdice
telephoneNumber: +1 420 475 5618
st: NC
uid: user.148
givenName: Aladin
homePhone: +1 578 788 2263

# Total number of matching entries: 1

dn: uid=user.149,ou=ldapsearch,o=clu tests,dc=example,dc=com
objectClass: person
objectClass: inetorgperson
objectClass: top
objectClass: organizationalperson
postalAddress: Alain Aldhizer$92485 Sycamore Street$Ottumwa, UT  49905
initials: AKA
street: 92485 Sycamore Street
mobile: +1 646 001 5000
mail: user.149@example.com
employeeNumber: 149
pager: +1 180 099 9428
sn: Aldhizer
postalCode: 49905
userPassword: {SSHA}LrBv0i/fIEMDnvrCRXuZuRn5nNLdTKeQc1jBKw==
l: Ottumwa
description: This is the description for Alain Aldhizer.
cn: Alain Aldhizer
telephoneNumber: +1 190 069 5089
st: UT
uid: user.149
givenName: Alain
homePhone: +1 116 243 7370

# Total number of matching entries: 1

dn: uid=user.150,ou=ldapsearch,o=clu tests,dc=example,dc=com
objectClass: person
objectClass: inetorgperson
objectClass: top
objectClass: organizationalperson
postalAddress: Alaine Aldridge$44540 Cedar Street$Hattiesburg, AR  80325
initials: AMA
street: 44540 Cedar Street
mobile: +1 530 301 7572
mail: user.150@example.com
employeeNumber: 150
pager: +1 754 260 7210
sn: Aldridge
postalCode: 80325
userPassword: {SSHA}LrBv0i/fIEMDnvrCRXuZuRn5nNLdTKeQc1jBKw==
l: Hattiesburg
description: This is the description for Alaine Aldridge.
cn: Alaine Aldridge
telephoneNumber: +1 509 600 9520
st: AR
uid: user.150
givenName: Alaine
homePhone: +1 301 083 2556

# Total number of matching entries: 1

dn: uid=user.151,ou=ldapsearch,o=clu tests,dc=example,dc=com
objectClass: person
objectClass: inetorgperson
objectClass: top
objectClass: organizationalperson
postalAddress: Alameda Alegre$41712 Willow Street$Gainesville, NJ  59206
initials: ALA
street: 41712 Willow Street
mobile: +1 958 838 4620
mail: user.151@example.com
employeeNumber: 151
pager: +1 284 123 9201
sn: Alegre
postalCode: 59206
userPassword: {SSHA}LrBv0i/fIEMDnvrCRXuZuRn5nNLdTKeQc1jBKw==
l: Gainesville
description: This is the description for Alameda Alegre.
cn: Alameda Alegre
telephoneNumber: +1 008 207 2048
st: NJ
uid: user.151
givenName: Alameda
homePhone: +1 020 299 9827

# Total number of matching entries: 1

dn: uid=user.152,ou=ldapsearch,o=clu tests,dc=example,dc=com
objectClass: person
objectClass: inetorgperson
objectClass: top
objectClass: organizationalperson
postalAddress: Alan Aleksic$91920 Meadow Street$Portland, PA  78150
initials: AAA
street: 91920 Meadow Street
mobile: +1 302 064 0427
mail: user.152@example.com
employeeNumber: 152
pager: +1 349 327 2299
sn: Aleksic
postalCode: 78150
userPassword: {SSHA}LrBv0i/fIEMDnvrCRXuZuRn5nNLdTKeQc1jBKw==
l: Portland
description: This is the description for Alan Aleksic.
cn: Alan Aleksic
telephoneNumber: +1 063 609 8622
st: PA
uid: user.152
givenName: Alan
homePhone: +1 031 420 7340

# Total number of matching entries: 1

dn: uid=user.153,ou=ldapsearch,o=clu tests,dc=example,dc=com
objectClass: person
objectClass: inetorgperson
objectClass: top
objectClass: organizationalperson
postalAddress: Alana Aleong$80404 Eleventh Street$Colorado Springs, KS  27026
initials: ARA
street: 80404 Eleventh Street
mobile: +1 357 126 0236
mail: user.153@example.com
employeeNumber: 153
pager: +1 108 942 0841
sn: Aleong
postalCode: 27026
userPassword: {SSHA}LrBv0i/fIEMDnvrCRXuZuRn5nNLdTKeQc1jBKw==
l: Colorado Springs
description: This is the description for Alana Aleong.
cn: Alana Aleong
telephoneNumber: +1 254 005 1678
st: KS
uid: user.153
givenName: Alana
homePhone: +1 992 892 6004

# Total number of matching entries: 1

dn: uid=user.154,ou=ldapsearch,o=clu tests,dc=example,dc=com
objectClass: person
objectClass: inetorgperson
objectClass: top
objectClass: organizationalperson
postalAddress: Alanah Alexan$33904 Second Street$Cadillac, DC  42226
initials: AAA
street: 33904 Second Street
mobile: +1 339 855 9420
mail: user.154@example.com
employeeNumber: 154
pager: +1 953 677 9196
sn: Alexan
postalCode: 42226
userPassword: {SSHA}LrBv0i/fIEMDnvrCRXuZuRn5nNLdTKeQc1jBKw==
l: Cadillac
description: This is the description for Alanah Alexan.
cn: Alanah Alexan
telephoneNumber: +1 590 468 3526
st: DC
uid: user.154
givenName: Alanah
homePhone: +1 630 119 1908

# Total number of matching entries: 1

dn: uid=user.155,ou=ldapsearch,o=clu tests,dc=example,dc=com
objectClass: person
objectClass: inetorgperson
objectClass: top
objectClass: organizationalperson
postalAddress: Alane Alexander$32534 Madison Street$Shreveport, SC  49290
initials: AMA
street: 32534 Madison Street
mobile: +1 645 136 5414
mail: user.155@example.com
employeeNumber: 155
pager: +1 320 647 9390
sn: Alexander
postalCode: 49290
userPassword: {SSHA}LrBv0i/fIEMDnvrCRXuZuRn5nNLdTKeQc1jBKw==
l: Shreveport
description: This is the description for Alane Alexander.
cn: Alane Alexander
telephoneNumber: +1 008 870 5689
st: SC
uid: user.155
givenName: Alane
homePhone: +1 025 247 4547

# Total number of matching entries: 1

dn: uid=user.156,ou=ldapsearch,o=clu tests,dc=example,dc=com
objectClass: person
objectClass: inetorgperson
objectClass: top
objectClass: organizationalperson
postalAddress: Alanna Alexson$24338 Birch Street$Atlanta, VT  42737
initials: AAA
street: 24338 Birch Street
mobile: +1 924 027 9309
mail: user.156@example.com
employeeNumber: 156
pager: +1 722 309 0250
sn: Alexson
postalCode: 42737
userPassword: {SSHA}LrBv0i/fIEMDnvrCRXuZuRn5nNLdTKeQc1jBKw==
l: Atlanta
description: This is the description for Alanna Alexson.
cn: Alanna Alexson
telephoneNumber: +1 420 300 1863
st: VT
uid: user.156
givenName: Alanna
homePhone: +1 059 406 7899

# Total number of matching entries: 1

dn: uid=user.157,ou=ldapsearch,o=clu tests,dc=example,dc=com
objectClass: person
objectClass: inetorgperson
objectClass: top
objectClass: organizationalperson
postalAddress: Alasdair Alfaro$50335 Valley Street$Johnstown, WV  49943
initials: AXA
street: 50335 Valley Street
mobile: +1 470 489 9945
mail: user.157@example.com
employeeNumber: 157
pager: +1 936 706 7522
sn: Alfaro
postalCode: 49943
userPassword: {SSHA}LrBv0i/fIEMDnvrCRXuZuRn5nNLdTKeQc1jBKw==
l: Johnstown
description: This is the description for Alasdair Alfaro.
cn: Alasdair Alfaro
telephoneNumber: +1 457 779 3516
st: WV
uid: user.157
givenName: Alasdair
homePhone: +1 705 236 2705

# Total number of matching entries: 1

dn: uid=user.158,ou=ldapsearch,o=clu tests,dc=example,dc=com
objectClass: person
objectClass: inetorgperson
objectClass: top
objectClass: organizationalperson
postalAddress: Alastair Alford$91343 Hickory Street$Chattanooga, CO  75213
initials: AYA
street: 91343 Hickory Street
mobile: +1 835 970 8415
mail: user.158@example.com
employeeNumber: 158
pager: +1 409 805 2671
sn: Alford
postalCode: 75213
userPassword: {SSHA}LrBv0i/fIEMDnvrCRXuZuRn5nNLdTKeQc1jBKw==
l: Chattanooga
description: This is the description for Alastair Alford.
cn: Alastair Alford
telephoneNumber: +1 005 083 2052
st: CO
uid: user.158
givenName: Alastair
homePhone: +1 969 206 4508

# Total number of matching entries: 1

dn: uid=user.159,ou=ldapsearch,o=clu tests,dc=example,dc=com
objectClass: person
objectClass: inetorgperson
objectClass: top
objectClass: organizationalperson
postalAddress: Alayne Alfred$48965 Dogwood Street$Kirksville, MS  32284
initials: AWA
street: 48965 Dogwood Street
mobile: +1 407 381 8097
mail: user.159@example.com
employeeNumber: 159
pager: +1 081 760 6605
sn: Alfred
postalCode: 32284
userPassword: {SSHA}LrBv0i/fIEMDnvrCRXuZuRn5nNLdTKeQc1jBKw==
l: Kirksville
description: This is the description for Alayne Alfred.
cn: Alayne Alfred
telephoneNumber: +1 912 356 4474
st: MS
uid: user.159
givenName: Alayne
homePhone: +1 737 106 0093

# Total number of matching entries: 1

dn: uid=user.160,ou=ldapsearch,o=clu tests,dc=example,dc=com
objectClass: person
objectClass: inetorgperson
objectClass: top
objectClass: organizationalperson
postalAddress: Alb Algie$07398 Cedar Street$Rockford, OH  38540
initials: AVA
street: 07398 Cedar Street
mobile: +1 895 125 1036
mail: user.160@example.com
employeeNumber: 160
pager: +1 466 400 8908
sn: Algie
postalCode: 38540
userPassword: {SSHA}LrBv0i/fIEMDnvrCRXuZuRn5nNLdTKeQc1jBKw==
l: Rockford
description: This is the description for Alb Algie.
cn: Alb Algie
telephoneNumber: +1 929 600 8108
st: OH
uid: user.160
givenName: Alb
homePhone: +1 773 058 3243

# Total number of matching entries: 1

dn: uid=user.161,ou=ldapsearch,o=clu tests,dc=example,dc=com
objectClass: person
objectClass: inetorgperson
objectClass: top
objectClass: organizationalperson
postalAddress: Albert Algood$40686 Maple Street$Monterey Bay Area, ME  59588
initials: AQA
street: 40686 Maple Street
mobile: +1 709 605 4641
mail: user.161@example.com
employeeNumber: 161
pager: +1 509 138 2094
sn: Algood
postalCode: 59588
userPassword: {SSHA}LrBv0i/fIEMDnvrCRXuZuRn5nNLdTKeQc1jBKw==
l: Monterey Bay Area
description: This is the description for Albert Algood.
cn: Albert Algood
telephoneNumber: +1 217 053 2236
st: ME
uid: user.161
givenName: Albert
homePhone: +1 195 732 5921

# Total number of matching entries: 1

dn: uid=user.162,ou=ldapsearch,o=clu tests,dc=example,dc=com
objectClass: person
objectClass: inetorgperson
objectClass: top
objectClass: organizationalperson
postalAddress: Alberta Alguire$31352 Jackson Street$Tyler, NY  89759
initials: AHA
street: 31352 Jackson Street
mobile: +1 040 518 0423
mail: user.162@example.com
employeeNumber: 162
pager: +1 072 544 7888
sn: Alguire
postalCode: 89759
userPassword: {SSHA}LrBv0i/fIEMDnvrCRXuZuRn5nNLdTKeQc1jBKw==
l: Tyler
description: This is the description for Alberta Alguire.
cn: Alberta Alguire
telephoneNumber: +1 074 016 0609
st: NY
uid: user.162
givenName: Alberta
homePhone: +1 728 380 6071

# Total number of matching entries: 1

dn: uid=user.163,ou=ldapsearch,o=clu tests,dc=example,dc=com
objectClass: person
objectClass: inetorgperson
objectClass: top
objectClass: organizationalperson
postalAddress: Albertina Ali$77905 Willow Street$Terre Haute, AL  66324
initials: ARA
street: 77905 Willow Street
mobile: +1 246 751 0959
mail: user.163@example.com
employeeNumber: 163
pager: +1 828 660 6016
sn: Ali
postalCode: 66324
userPassword: {SSHA}LrBv0i/fIEMDnvrCRXuZuRn5nNLdTKeQc1jBKw==
l: Terre Haute
description: This is the description for Albertina Ali.
cn: Albertina Ali
telephoneNumber: +1 219 475 7503
st: AL
uid: user.163
givenName: Albertina
homePhone: +1 104 506 3024

# Total number of matching entries: 1

dn: uid=user.164,ou=ldapsearch,o=clu tests,dc=example,dc=com
objectClass: person
objectClass: inetorgperson
objectClass: top
objectClass: organizationalperson
postalAddress: Albertine Alidina$57102 First Street$Saint Paul, AK  92585
initials: AMA
street: 57102 First Street
mobile: +1 867 954 0508
mail: user.164@example.com
employeeNumber: 164
pager: +1 090 681 3706
sn: Alidina
postalCode: 92585
userPassword: {SSHA}LrBv0i/fIEMDnvrCRXuZuRn5nNLdTKeQc1jBKw==
l: Saint Paul
description: This is the description for Albertine Alidina.
cn: Albertine Alidina
telephoneNumber: +1 119 595 7105
st: AK
uid: user.164
givenName: Albertine
homePhone: +1 281 608 4153

# Total number of matching entries: 1

dn: uid=user.165,ou=ldapsearch,o=clu tests,dc=example,dc=com
objectClass: person
objectClass: inetorgperson
objectClass: top
objectClass: organizationalperson
postalAddress: Albina Alie$63099 Fourteenth Street$Green Bay, NE  03589
initials: ALA
street: 63099 Fourteenth Street
mobile: +1 001 078 9100
mail: user.165@example.com
employeeNumber: 165
pager: +1 010 142 8815
sn: Alie
postalCode: 03589
userPassword: {SSHA}LrBv0i/fIEMDnvrCRXuZuRn5nNLdTKeQc1jBKw==
l: Green Bay
description: This is the description for Albina Alie.
cn: Albina Alie
telephoneNumber: +1 775 780 2411
st: NE
uid: user.165
givenName: Albina
homePhone: +1 039 460 4582

# Total number of matching entries: 1

dn: uid=user.166,ou=ldapsearch,o=clu tests,dc=example,dc=com
objectClass: person
objectClass: inetorgperson
objectClass: top
objectClass: organizationalperson
postalAddress: Albrecht Alikhan$73434 Fourteenth Street$New Orleans, MN  35343
initials: ANA
street: 73434 Fourteenth Street
mobile: +1 872 098 7019
mail: user.166@example.com
employeeNumber: 166
pager: +1 920 650 5589
sn: Alikhan
postalCode: 35343
userPassword: {SSHA}LrBv0i/fIEMDnvrCRXuZuRn5nNLdTKeQc1jBKw==
l: New Orleans
description: This is the description for Albrecht Alikhan.
cn: Albrecht Alikhan
telephoneNumber: +1 334 450 9508
st: MN
uid: user.166
givenName: Albrecht
homePhone: +1 945 810 9506

# Total number of matching entries: 1

dn: uid=user.167,ou=ldapsearch,o=clu tests,dc=example,dc=com
objectClass: person
objectClass: inetorgperson
objectClass: top
objectClass: organizationalperson
postalAddress: Aldo Alink$84990 Lincoln Street$Cedar Rapids, DE  48010
initials: AKA
street: 84990 Lincoln Street
mobile: +1 509 910 2666
mail: user.167@example.com
employeeNumber: 167
pager: +1 665 783 8813
sn: Alink
postalCode: 48010
userPassword: {SSHA}LrBv0i/fIEMDnvrCRXuZuRn5nNLdTKeQc1jBKw==
l: Cedar Rapids
description: This is the description for Aldo Alink.
cn: Aldo Alink
telephoneNumber: +1 063 291 4443
st: DE
uid: user.167
givenName: Aldo
homePhone: +1 204 305 7638

# Total number of matching entries: 1

dn: uid=user.168,ou=ldapsearch,o=clu tests,dc=example,dc=com
objectClass: person
objectClass: inetorgperson
objectClass: top
objectClass: organizationalperson
postalAddress: Alec Alkire$33091 Central Street$Toledo, IN  93309
initials: AOA
street: 33091 Central Street
mobile: +1 414 166 6802
mail: user.168@example.com
employeeNumber: 168
pager: +1 005 019 3377
sn: Alkire
postalCode: 93309
userPassword: {SSHA}LrBv0i/fIEMDnvrCRXuZuRn5nNLdTKeQc1jBKw==
l: Toledo
description: This is the description for Alec Alkire.
cn: Alec Alkire
telephoneNumber: +1 887 590 9824
st: IN
uid: user.168
givenName: Alec
homePhone: +1 526 716 3794

# Total number of matching entries: 1

dn: uid=user.169,ou=ldapsearch,o=clu tests,dc=example,dc=com
objectClass: person
objectClass: inetorgperson
objectClass: top
objectClass: organizationalperson
postalAddress: Alecia Allahdin$11493 Dogwood Street$Youngstown, CO  95066
initials: ABA
street: 11493 Dogwood Street
mobile: +1 906 400 3824
mail: user.169@example.com
employeeNumber: 169
pager: +1 794 870 3900
sn: Allahdin
postalCode: 95066
userPassword: {SSHA}LrBv0i/fIEMDnvrCRXuZuRn5nNLdTKeQc1jBKw==
l: Youngstown
description: This is the description for Alecia Allahdin.
cn: Alecia Allahdin
telephoneNumber: +1 108 148 2066
st: CO
uid: user.169
givenName: Alecia
homePhone: +1 790 079 7972

# Total number of matching entries: 1

dn: uid=user.170,ou=ldapsearch,o=clu tests,dc=example,dc=com
objectClass: person
objectClass: inetorgperson
objectClass: top
objectClass: organizationalperson
postalAddress: Aleda Allahyari$00709 Willow Street$Salem, NC  80535
initials: AGA
street: 00709 Willow Street
mobile: +1 990 480 4645
mail: user.170@example.com
employeeNumber: 170
pager: +1 046 426 4683
sn: Allahyari
postalCode: 80535
userPassword: {SSHA}LrBv0i/fIEMDnvrCRXuZuRn5nNLdTKeQc1jBKw==
l: Salem
description: This is the description for Aleda Allahyari.
cn: Aleda Allahyari
telephoneNumber: +1 364 978 3051
st: NC
uid: user.170
givenName: Aleda
homePhone: +1 040 094 2875

# Total number of matching entries: 1

dn: uid=user.171,ou=ldapsearch,o=clu tests,dc=example,dc=com
objectClass: person
objectClass: inetorgperson
objectClass: top
objectClass: organizationalperson
postalAddress: Aleece Allam$40528 Lincoln Street$Florence, GA  09019
initials: ASA
street: 40528 Lincoln Street
mobile: +1 910 209 1000
mail: user.171@example.com
employeeNumber: 171
pager: +1 062 898 2771
sn: Allam
postalCode: 09019
userPassword: {SSHA}LrBv0i/fIEMDnvrCRXuZuRn5nNLdTKeQc1jBKw==
l: Florence
description: This is the description for Aleece Allam.
cn: Aleece Allam
telephoneNumber: +1 202 050 6051
st: GA
uid: user.171
givenName: Aleece
homePhone: +1 645 673 0668

# Total number of matching entries: 1

dn: uid=user.172,ou=ldapsearch,o=clu tests,dc=example,dc=com
objectClass: person
objectClass: inetorgperson
objectClass: top
objectClass: organizationalperson
postalAddress: Aleen Allaman$98553 Hill Street$Port Arthur, NV  20675
initials: ATA
street: 98553 Hill Street
mobile: +1 728 078 5504
mail: user.172@example.com
employeeNumber: 172
pager: +1 550 560 9959
sn: Allaman
postalCode: 20675
userPassword: {SSHA}LrBv0i/fIEMDnvrCRXuZuRn5nNLdTKeQc1jBKw==
l: Port Arthur
description: This is the description for Aleen Allaman.
cn: Aleen Allaman
telephoneNumber: +1 523 350 6509
st: NV
uid: user.172
givenName: Aleen
homePhone: +1 293 720 0413

# Total number of matching entries: 1

dn: uid=user.173,ou=ldapsearch,o=clu tests,dc=example,dc=com
objectClass: person
objectClass: inetorgperson
objectClass: top
objectClass: organizationalperson
postalAddress: Alejandra Allan$88428 Valley Street$Florence, IL  31680
initials: AVA
street: 88428 Valley Street
mobile: +1 569 529 5239
mail: user.173@example.com
employeeNumber: 173
pager: +1 384 158 2510
sn: Allan
postalCode: 31680
userPassword: {SSHA}LrBv0i/fIEMDnvrCRXuZuRn5nNLdTKeQc1jBKw==
l: Florence
description: This is the description for Alejandra Allan.
cn: Alejandra Allan
telephoneNumber: +1 054 330 8741
st: IL
uid: user.173
givenName: Alejandra
homePhone: +1 703 874 4564

# Total number of matching entries: 1

dn: uid=user.174,ou=ldapsearch,o=clu tests,dc=example,dc=com
objectClass: person
objectClass: inetorgperson
objectClass: top
objectClass: organizationalperson
postalAddress: Alejandrina Allard$02200 Woodland Street$Scranton, MO  11586
initials: ATA
street: 02200 Woodland Street
mobile: +1 341 385 6609
mail: user.174@example.com
employeeNumber: 174
pager: +1 046 052 5341
sn: Allard
postalCode: 11586
userPassword: {SSHA}LrBv0i/fIEMDnvrCRXuZuRn5nNLdTKeQc1jBKw==
l: Scranton
description: This is the description for Alejandrina Allard.
cn: Alejandrina Allard
telephoneNumber: +1 030 302 0970
st: MO
uid: user.174
givenName: Alejandrina
homePhone: +1 210 316 3825

# Total number of matching entries: 1

dn: uid=user.175,ou=ldapsearch,o=clu tests,dc=example,dc=com
objectClass: person
objectClass: inetorgperson
objectClass: top
objectClass: organizationalperson
postalAddress: Alena Allaway$85075 Taylor Street$Marquette, NM  20160
initials: ADA
street: 85075 Taylor Street
mobile: +1 808 838 7080
mail: user.175@example.com
employeeNumber: 175
pager: +1 921 494 6619
sn: Allaway
postalCode: 20160
userPassword: {SSHA}LrBv0i/fIEMDnvrCRXuZuRn5nNLdTKeQc1jBKw==
l: Marquette
description: This is the description for Alena Allaway.
cn: Alena Allaway
telephoneNumber: +1 061 199 5736
st: NM
uid: user.175
givenName: Alena
homePhone: +1 099 988 0770

# Total number of matching entries: 1

dn: uid=user.176,ou=ldapsearch,o=clu tests,dc=example,dc=com
objectClass: person
objectClass: inetorgperson
objectClass: top
objectClass: organizationalperson
postalAddress: Alene Allaye-Chan$75216 Woodland Street$Lansing, SD  30662
initials: AUA
street: 75216 Woodland Street
mobile: +1 999 439 3548
mail: user.176@example.com
employeeNumber: 176
pager: +1 029 556 5033
sn: Allaye-Chan
postalCode: 30662
userPassword: {SSHA}LrBv0i/fIEMDnvrCRXuZuRn5nNLdTKeQc1jBKw==
l: Lansing
description: This is the description for Alene Allaye-Chan.
cn: Alene Allaye-Chan
telephoneNumber: +1 332 925 3808
st: SD
uid: user.176
givenName: Alene
homePhone: +1 097 238 3930

# Total number of matching entries: 1

dn: uid=user.177,ou=ldapsearch,o=clu tests,dc=example,dc=com
objectClass: person
objectClass: inetorgperson
objectClass: top
objectClass: organizationalperson
postalAddress: Alese Allen$97217 Adams Street$Milwaukee, MS  57545
initials: AHA
street: 97217 Adams Street
mobile: +1 834 183 9967
mail: user.177@example.com
employeeNumber: 177
pager: +1 180 512 7388
sn: Allen
postalCode: 57545
userPassword: {SSHA}LrBv0i/fIEMDnvrCRXuZuRn5nNLdTKeQc1jBKw==
l: Milwaukee
description: This is the description for Alese Allen.
cn: Alese Allen
telephoneNumber: +1 083 297 3804
st: MS
uid: user.177
givenName: Alese
homePhone: +1 400 400 4201

# Total number of matching entries: 1

dn: uid=user.178,ou=ldapsearch,o=clu tests,dc=example,dc=com
objectClass: person
objectClass: inetorgperson
objectClass: top
objectClass: organizationalperson
postalAddress: Alessandra Alles$03262 Williams Street$Youngstown, RI  76357
initials: AAA
street: 03262 Williams Street
mobile: +1 289 000 5793
mail: user.178@example.com
employeeNumber: 178
pager: +1 166 701 9570
sn: Alles
postalCode: 76357
userPassword: {SSHA}LrBv0i/fIEMDnvrCRXuZuRn5nNLdTKeQc1jBKw==
l: Youngstown
description: This is the description for Alessandra Alles.
cn: Alessandra Alles
telephoneNumber: +1 300 617 0660
st: RI
uid: user.178
givenName: Alessandra
homePhone: +1 775 802 0550

# Total number of matching entries: 1

dn: uid=user.179,ou=ldapsearch,o=clu tests,dc=example,dc=com
objectClass: person
objectClass: inetorgperson
objectClass: top
objectClass: organizationalperson
postalAddress: Aleta Alleva$11310 Madison Street$Albuquerque, IN  04064
initials: AVA
street: 11310 Madison Street
mobile: +1 846 797 3529
mail: user.179@example.com
employeeNumber: 179
pager: +1 781 095 5196
sn: Alleva
postalCode: 04064
userPassword: {SSHA}LrBv0i/fIEMDnvrCRXuZuRn5nNLdTKeQc1jBKw==
l: Albuquerque
description: This is the description for Aleta Alleva.
cn: Aleta Alleva
telephoneNumber: +1 652 464 2258
st: IN
uid: user.179
givenName: Aleta
homePhone: +1 009 953 9006

# Total number of matching entries: 1

dn: uid=user.180,ou=ldapsearch,o=clu tests,dc=example,dc=com
objectClass: person
objectClass: inetorgperson
objectClass: top
objectClass: organizationalperson
postalAddress: Alethea Alleyne$49536 Hillcrest Street$Bluefield, FL  58697
initials: AFA
street: 49536 Hillcrest Street
mobile: +1 352 706 5579
mail: user.180@example.com
employeeNumber: 180
pager: +1 451 705 1026
sn: Alleyne
postalCode: 58697
userPassword: {SSHA}LrBv0i/fIEMDnvrCRXuZuRn5nNLdTKeQc1jBKw==
l: Bluefield
description: This is the description for Alethea Alleyne.
cn: Alethea Alleyne
telephoneNumber: +1 597 200 1549
st: FL
uid: user.180
givenName: Alethea
homePhone: +1 440 602 0551

# Total number of matching entries: 1

dn: uid=user.181,ou=ldapsearch,o=clu tests,dc=example,dc=com
objectClass: person
objectClass: inetorgperson
objectClass: top
objectClass: organizationalperson
postalAddress: Alev Allgood$63546 Spring Street$Wilkes Barre, SC  61650
initials: AOA
street: 63546 Spring Street
mobile: +1 086 360 9905
mail: user.181@example.com
employeeNumber: 181
pager: +1 151 922 0277
sn: Allgood
postalCode: 61650
userPassword: {SSHA}LrBv0i/fIEMDnvrCRXuZuRn5nNLdTKeQc1jBKw==
l: Wilkes Barre
description: This is the description for Alev Allgood.
cn: Alev Allgood
telephoneNumber: +1 773 217 9816
st: SC
uid: user.181
givenName: Alev
homePhone: +1 220 229 7687

# Total number of matching entries: 1

dn: uid=user.182,ou=ldapsearch,o=clu tests,dc=example,dc=com
objectClass: person
objectClass: inetorgperson
objectClass: top
objectClass: organizationalperson
postalAddress: Alex Allison$26508 Spring Street$Tallahassee, LA  30504
initials: ATA
street: 26508 Spring Street
mobile: +1 560 287 5023
mail: user.182@example.com
employeeNumber: 182
pager: +1 706 700 1377
sn: Allison
postalCode: 30504
userPassword: {SSHA}LrBv0i/fIEMDnvrCRXuZuRn5nNLdTKeQc1jBKw==
l: Tallahassee
description: This is the description for Alex Allison.
cn: Alex Allison
telephoneNumber: +1 207 844 8100
st: LA
uid: user.182
givenName: Alex
homePhone: +1 036 498 2908

# Total number of matching entries: 1

dn: uid=user.183,ou=ldapsearch,o=clu tests,dc=example,dc=com
objectClass: person
objectClass: inetorgperson
objectClass: top
objectClass: organizationalperson
postalAddress: Alexa Allman$48384 Madison Street$Cleveland, NE  47000
initials: ASA
street: 48384 Madison Street
mobile: +1 480 246 0888
mail: user.183@example.com
employeeNumber: 183
pager: +1 026 068 7937
sn: Allman
postalCode: 47000
userPassword: {SSHA}LrBv0i/fIEMDnvrCRXuZuRn5nNLdTKeQc1jBKw==
l: Cleveland
description: This is the description for Alexa Allman.
cn: Alexa Allman
telephoneNumber: +1 480 516 6802
st: NE
uid: user.183
givenName: Alexa
homePhone: +1 850 414 4486

# Total number of matching entries: 1

dn: uid=user.184,ou=ldapsearch,o=clu tests,dc=example,dc=com
objectClass: person
objectClass: inetorgperson
objectClass: top
objectClass: organizationalperson
postalAddress: Alexander Allwork$53165 Birch Street$Paducah, TX  27900
initials: ATA
street: 53165 Birch Street
mobile: +1 957 503 1648
mail: user.184@example.com
employeeNumber: 184
pager: +1 320 129 8003
sn: Allwork
postalCode: 27900
userPassword: {SSHA}LrBv0i/fIEMDnvrCRXuZuRn5nNLdTKeQc1jBKw==
l: Paducah
description: This is the description for Alexander Allwork.
cn: Alexander Allwork
telephoneNumber: +1 014 699 5729
st: TX
uid: user.184
givenName: Alexander
homePhone: +1 665 050 2208

# Total number of matching entries: 1

dn: uid=user.185,ou=ldapsearch,o=clu tests,dc=example,dc=com
objectClass: person
objectClass: inetorgperson
objectClass: top
objectClass: organizationalperson
postalAddress: Alexandra Almeddahim$22508 Fifth Street$Tupelo, AK  70266
initials: AWA
street: 22508 Fifth Street
mobile: +1 502 987 4784
mail: user.185@example.com
employeeNumber: 185
pager: +1 004 409 4386
sn: Almeddahim
postalCode: 70266
userPassword: {SSHA}LrBv0i/fIEMDnvrCRXuZuRn5nNLdTKeQc1jBKw==
l: Tupelo
description: This is the description for Alexandra Almeddahim.
cn: Alexandra Almeddahim
telephoneNumber: +1 877 014 9663
st: AK
uid: user.185
givenName: Alexandra
homePhone: +1 103 710 9918

# Total number of matching entries: 1

dn: uid=user.186,ou=ldapsearch,o=clu tests,dc=example,dc=com
objectClass: person
objectClass: inetorgperson
objectClass: top
objectClass: organizationalperson
postalAddress: Alexandrina Almon$38484 Oak Street$Hartford, OK  95748
initials: ANA
street: 38484 Oak Street
mobile: +1 410 064 6352
mail: user.186@example.com
employeeNumber: 186
pager: +1 799 910 8649
sn: Almon
postalCode: 95748
userPassword: {SSHA}LrBv0i/fIEMDnvrCRXuZuRn5nNLdTKeQc1jBKw==
l: Hartford
description: This is the description for Alexandrina Almon.
cn: Alexandrina Almon
telephoneNumber: +1 270 857 8026
st: OK
uid: user.186
givenName: Alexandrina
homePhone: +1 093 340 2040

# Total number of matching entries: 1

dn: uid=user.187,ou=ldapsearch,o=clu tests,dc=example,dc=com
objectClass: person
objectClass: inetorgperson
objectClass: top
objectClass: organizationalperson
postalAddress: Alexandru Alms$22579 Second Street$Duluth, MI  10544
initials: AWA
street: 22579 Second Street
mobile: +1 550 607 7667
mail: user.187@example.com
employeeNumber: 187
pager: +1 693 870 7350
sn: Alms
postalCode: 10544
userPassword: {SSHA}LrBv0i/fIEMDnvrCRXuZuRn5nNLdTKeQc1jBKw==
l: Duluth
description: This is the description for Alexandru Alms.
cn: Alexandru Alms
telephoneNumber: +1 631 090 4207
st: MI
uid: user.187
givenName: Alexandru
homePhone: +1 867 819 3460

# Total number of matching entries: 1

dn: uid=user.188,ou=ldapsearch,o=clu tests,dc=example,dc=com
objectClass: person
objectClass: inetorgperson
objectClass: top
objectClass: organizationalperson
postalAddress: Alexi Aloi$12169 Park Street$Houston, IN  98350
initials: AMA
street: 12169 Park Street
mobile: +1 931 383 3036
mail: user.188@example.com
employeeNumber: 188
pager: +1 660 251 6580
sn: Aloi
postalCode: 98350
userPassword: {SSHA}LrBv0i/fIEMDnvrCRXuZuRn5nNLdTKeQc1jBKw==
l: Houston
description: This is the description for Alexi Aloi.
cn: Alexi Aloi
telephoneNumber: +1 827 903 3338
st: IN
uid: user.188
givenName: Alexi
homePhone: +1 967 066 9844

# Total number of matching entries: 1

dn: uid=user.189,ou=ldapsearch,o=clu tests,dc=example,dc=com
objectClass: person
objectClass: inetorgperson
objectClass: top
objectClass: organizationalperson
postalAddress: Alexia Alomari$76393 Tenth Street$Presque Isle, MA  09265
initials: AMA
street: 76393 Tenth Street
mobile: +1 917 555 7597
mail: user.189@example.com
employeeNumber: 189
pager: +1 334 114 2095
sn: Alomari
postalCode: 09265
userPassword: {SSHA}LrBv0i/fIEMDnvrCRXuZuRn5nNLdTKeQc1jBKw==
l: Presque Isle
description: This is the description for Alexia Alomari.
cn: Alexia Alomari
telephoneNumber: +1 978 061 6756
st: MA
uid: user.189
givenName: Alexia
homePhone: +1 081 577 4552

# Total number of matching entries: 1

dn: uid=user.190,ou=ldapsearch,o=clu tests,dc=example,dc=com
objectClass: person
objectClass: inetorgperson
objectClass: top
objectClass: organizationalperson
postalAddress: Alexina Alperovich$10487 Second Street$Grand Rapids, CO  59202
initials: AHA
street: 10487 Second Street
mobile: +1 193 704 8720
mail: user.190@example.com
employeeNumber: 190
pager: +1 789 710 6989
sn: Alperovich
postalCode: 59202
userPassword: {SSHA}LrBv0i/fIEMDnvrCRXuZuRn5nNLdTKeQc1jBKw==
l: Grand Rapids
description: This is the description for Alexina Alperovich.
cn: Alexina Alperovich
telephoneNumber: +1 510 501 7542
st: CO
uid: user.190
givenName: Alexina
homePhone: +1 915 101 3046

# Total number of matching entries: 1

dn: uid=user.191,ou=ldapsearch,o=clu tests,dc=example,dc=com
objectClass: person
objectClass: inetorgperson
objectClass: top
objectClass: organizationalperson
postalAddress: Alexine Alred$75599 Hickory Street$Savannah, WI  97561
initials: AGA
street: 75599 Hickory Street
mobile: +1 399 538 6679
mail: user.191@example.com
employeeNumber: 191
pager: +1 959 974 1460
sn: Alred
postalCode: 97561
userPassword: {SSHA}LrBv0i/fIEMDnvrCRXuZuRn5nNLdTKeQc1jBKw==
l: Savannah
description: This is the description for Alexine Alred.
cn: Alexine Alred
telephoneNumber: +1 895 372 3197
st: WI
uid: user.191
givenName: Alexine
homePhone: +1 983 677 3535

# Total number of matching entries: 1

dn: uid=user.192,ou=ldapsearch,o=clu tests,dc=example,dc=com
objectClass: person
objectClass: inetorgperson
objectClass: top
objectClass: organizationalperson
postalAddress: Alexis Alsaleh$78160 Taylor Street$Lawton, AR  66004
initials: APA
street: 78160 Taylor Street
mobile: +1 425 143 0850
mail: user.192@example.com
employeeNumber: 192
pager: +1 560 042 0133
sn: Alsaleh
postalCode: 66004
userPassword: {SSHA}LrBv0i/fIEMDnvrCRXuZuRn5nNLdTKeQc1jBKw==
l: Lawton
description: This is the description for Alexis Alsaleh.
cn: Alexis Alsaleh
telephoneNumber: +1 941 374 0668
st: AR
uid: user.192
givenName: Alexis
homePhone: +1 160 676 4085

# Total number of matching entries: 1

dn: uid=user.193,ou=ldapsearch,o=clu tests,dc=example,dc=com
objectClass: person
objectClass: inetorgperson
objectClass: top
objectClass: organizationalperson
postalAddress: Alf Alshabout$63269 Valley Street$Jefferson City, ME  29988
initials: AZA
street: 63269 Valley Street
mobile: +1 507 954 8355
mail: user.193@example.com
employeeNumber: 193
pager: +1 058 920 0842
sn: Alshabout
postalCode: 29988
userPassword: {SSHA}LrBv0i/fIEMDnvrCRXuZuRn5nNLdTKeQc1jBKw==
l: Jefferson City
description: This is the description for Alf Alshabout.
cn: Alf Alshabout
telephoneNumber: +1 237 360 0047
st: ME
uid: user.193
givenName: Alf
homePhone: +1 636 026 8102

# Total number of matching entries: 1

dn: uid=user.194,ou=ldapsearch,o=clu tests,dc=example,dc=com
objectClass: person
objectClass: inetorgperson
objectClass: top
objectClass: organizationalperson
postalAddress: Alfi Alsop$88191 Locust Street$Ardmore, WY  68970
initials: APA
street: 88191 Locust Street
mobile: +1 509 597 5003
mail: user.194@example.com
employeeNumber: 194
pager: +1 352 357 6761
sn: Alsop
postalCode: 68970
userPassword: {SSHA}LrBv0i/fIEMDnvrCRXuZuRn5nNLdTKeQc1jBKw==
l: Ardmore
description: This is the description for Alfi Alsop.
cn: Alfi Alsop
telephoneNumber: +1 901 299 5834
st: WY
uid: user.194
givenName: Alfi
homePhone: +1 255 342 3950

# Total number of matching entries: 1

dn: uid=user.195,ou=ldapsearch,o=clu tests,dc=example,dc=com
objectClass: person
objectClass: inetorgperson
objectClass: top
objectClass: organizationalperson
postalAddress: Alfie Alspaugh$58591 Lee Street$La Crosse, MS  00365
initials: AIA
street: 58591 Lee Street
mobile: +1 682 465 6361
mail: user.195@example.com
employeeNumber: 195
pager: +1 195 062 5102
sn: Alspaugh
postalCode: 00365
userPassword: {SSHA}LrBv0i/fIEMDnvrCRXuZuRn5nNLdTKeQc1jBKw==
l: La Crosse
description: This is the description for Alfie Alspaugh.
cn: Alfie Alspaugh
telephoneNumber: +1 146 104 8430
st: MS
uid: user.195
givenName: Alfie
homePhone: +1 338 428 7204

# Total number of matching entries: 1

dn: uid=user.196,ou=ldapsearch,o=clu tests,dc=example,dc=com
objectClass: person
objectClass: inetorgperson
objectClass: top
objectClass: organizationalperson
postalAddress: Alfons Alston$77096 Broadway Street$Presque Isle, WY  95603
initials: ARA
street: 77096 Broadway Street
mobile: +1 335 022 7662
mail: user.196@example.com
employeeNumber: 196
pager: +1 317 116 9503
sn: Alston
postalCode: 95603
userPassword: {SSHA}LrBv0i/fIEMDnvrCRXuZuRn5nNLdTKeQc1jBKw==
l: Presque Isle
description: This is the description for Alfons Alston.
cn: Alfons Alston
telephoneNumber: +1 800 566 9107
st: WY
uid: user.196
givenName: Alfons
homePhone: +1 824 881 5539

# Total number of matching entries: 1

dn: uid=user.197,ou=ldapsearch,o=clu tests,dc=example,dc=com
objectClass: person
objectClass: inetorgperson
objectClass: top
objectClass: organizationalperson
postalAddress: Alfonso Alswiti$52464 Seventh Street$Las Vegas, IL  59558
initials: APA
street: 52464 Seventh Street
mobile: +1 651 825 1418
mail: user.197@example.com
employeeNumber: 197
pager: +1 951 710 0380
sn: Alswiti
postalCode: 59558
userPassword: {SSHA}LrBv0i/fIEMDnvrCRXuZuRn5nNLdTKeQc1jBKw==
l: Las Vegas
description: This is the description for Alfonso Alswiti.
cn: Alfonso Alswiti
telephoneNumber: +1 931 006 9320
st: IL
uid: user.197
givenName: Alfonso
homePhone: +1 721 521 9871

# Total number of matching entries: 1

dn: uid=user.198,ou=ldapsearch,o=clu tests,dc=example,dc=com
objectClass: person
objectClass: inetorgperson
objectClass: top
objectClass: organizationalperson
postalAddress: Alfonzo Altadonna$48801 Woodland Street$Bend, ID  13863
initials: AJA
street: 48801 Woodland Street
mobile: +1 072 897 8051
mail: user.198@example.com
employeeNumber: 198
pager: +1 543 947 3900
sn: Altadonna
postalCode: 13863
userPassword: {SSHA}LrBv0i/fIEMDnvrCRXuZuRn5nNLdTKeQc1jBKw==
l: Bend
description: This is the description for Alfonzo Altadonna.
cn: Alfonzo Altadonna
telephoneNumber: +1 680 906 6116
st: ID
uid: user.198
givenName: Alfonzo
homePhone: +1 590 926 2823

# Total number of matching entries: 1

dn: uid=user.199,ou=ldapsearch,o=clu tests,dc=example,dc=com
objectClass: person
objectClass: inetorgperson
objectClass: top
objectClass: organizationalperson
postalAddress: Alfred Altay$32561 Sixth Street$Billings, SD  15046
initials: AUA
street: 32561 Sixth Street
mobile: +1 792 214 8466
mail: user.199@example.com
employeeNumber: 199
pager: +1 516 330 4909
sn: Altay
postalCode: 15046
userPassword: {SSHA}LrBv0i/fIEMDnvrCRXuZuRn5nNLdTKeQc1jBKw==
l: Billings
description: This is the description for Alfred Altay.
cn: Alfred Altay
telephoneNumber: +1 449 306 7811
st: SD
uid: user.199
givenName: Alfred
homePhone: +1 082 545 0410

# Total number of matching entries: 1

